[  0000000 Intializing cgroup bss cpet
[  .000000] Initializing cgroup subsys cpu
[    0.000000] Initializing cgroup subsys cact
[  000000 Liux version 4.4.0-142enric uidd@w0-amd64-033) (gcc version 5.4.0 201606 (Ubutu 5.06ubuntu1604.10) #18-Ubuntu SMP Wed Jan 16 21:00:45 UTC 2019 (Ubuntu 4.4.0-142.168-generic 4.4.167)
[    0.000000] Command line: BOOT_IMAGE=/boot/vmluz-4.4.0-142-generic root=LABEL=cloudimg-rootfs ro console=tty1 console=ttyS0
[    0.000000] KERNEL supported cpus:
[    0.000000]   Intel GenineIntel
[    0.000000]   AMD AuthenticAMD
[    0.000000]   Centaur CentaurHauls
[    0.000000] x86/fpu: xstate_offset[2]:  576, xstate_sizes[2]:  256
[    0.000000] x86/fpu: Supporting XSAVE feature 0x01: 'x87 floating point registers'
[    0.000000] x86/fpu: Supporting XSAVE feature 0x02: 'SSE registers'
[    0.000000] x86/fpu: Supporting XSAVE feature 0x04: 'AVX registers'
[    0.000000] x86/fpu: Enabled xstate features 0x7, context size is 832 bytes, using 'standard' format.
[    0.000000] e820: BIOS-provided physical RAM map:
[    0.000000] BIOS-e820[mem 0x00000000000000-0x000000000009fbff] usable
[   0.000]IOS-e20: [mem 0x000000009fc00-0x0000000fff] rered
[  00000]BIOS-e820: [me0x000000000000x0000000000ffff rserve
[    00000] BIOS-e820: [mem 0x0000000000100000-000000001ffeffff] usable
[    0.000000] BIOS-e820: [mem 0x000000001fff0000-0x000000001fffffff] ACPI data
[    0.000000] BIOS-e820: [mem 0x00000000fec00000-0x00000000fec00fff] reserved
[    0.000000] BIOS-e820: [mem 0x00000000fee00000-0x00000000fee00fff] reserved
[    0.000000] BIOS-e820: [mem 0x00000000fffc0000-0x00000000ffffffff] reserved
[    0.000000] NX (Execute Disable) protection: active
[    0.000000] SMBIOS 2.5 present.
[    0.000000] Hypervisor detected: KVM
[    0.000000] e820: last_pfn = 0x1fff0 max_arch_pfn = 0x400000000
[    0.000000] MTRR: Disabled
[    0.000000] x86/PAT: MTRRs disabled, skipping PAT initialization too.
[    0.000000] CPU MTRs alblnk - virtualized system.
[  000000 x6/PA Cnfiguration [0-: B  WT  UC- UC  WB  WT  UC- UC  
[  00000 fou SP MPabe atme 0x09ff0-0x0009ffff] mapped at [ffff88000009fff0]
[    0.0000] Scanning 1 areas for low memoy crution
[  0000000] RAMDISK: [mem 0x1e8ba000-0xf7fff]
[  00000]ACPI: Elytablchcksum vericaion saled[   0.0000] ACP RDP 000000000000 0004 v02 VBOX  )
[    0.000000] ACPI: XSDT 0x000000001F000 000C v01 VB  VBOXDT 00000001 ASL  00000061)
[    0.000000] ACPI: FACP 0x000000001FFF00F0 0000F4 (v04 VBOX   VBOXFACP 00000001 ASL  00000061)
[    0.000000] ACPI: DSDT 0x000000001FFF0470 0021FF (v02 VBOX   VBOXBIOS 00000002 INTL 20100528)
[    0.000000] ACPI: FACS 0x000000FFF0200 0040
[    0.000000] ACPI: FACS 0x0000001FFF0200 000040
[    0.000000] ACPI: IC0x000001FFF0240 00005C (2 BOX   VBOXAPIC 00000001 ASL  00000061)
[    0.000000] ACPI: SSDT 0x000000001FFF02A0 0001CC (v01 VBOX   VBOXCPUT 00000002 INTL 20100528)
[    0.000000] No NUMAonfiguration found
[    0.000000] aking a node at [mem 0x0000000000000000-0x000000001ffeffff]
[    0.0000] NODE_DATA(0) alocad mem 0x1ffeb000-0x1ffeffff]
[    0.000000] kvm-clock: Using msrs 4b564d01 and 4b564d00
[    0.000000] kvm-clock: cpu 0, msr 0:1ffe3001, primary cpu clock
[    0.000000] kvm-clock: using sched offset of 3820270876 cycles
[    0.000000] clocksource: kvm-clock: mask: 0xffffffffffffffff max_cycles: 0x1cd42e4dffb, max_idle_ns: 88590591483 ns
[    0.000000] Zonerang:
[    0.000] DMA      [mem 0x0000000000001000-0x0000000000ffffff]
[    0.000000]   DMA32    [mem 0x0000000001000000-0x000000001ffeffff]
[    0.000000]   Normal   empty
[    0.000000]   Device   empty
[    0.000000] Movable zone start for each node
[    0.000000] Early memory node ranges
[    0.000000]   node   0: [mem 0x0000000000001000-0x000000000009efff]
[    0.000000]   node   0: [mem 0x0000000001000-00000000ffffff
[   00000] item tu no 0[mem 0000000000001000-0x000000001ffeffff]
[    0.000000] ACPI: PM-Timer IO ort:x408
[   .00000IOAPC[0]apic_id 2, version 32, address 0xfec00000, GSI 0-23
[  00000] CP INT_SRC_OV(bs 0 s_iq 0lobal_irq 2dfl d)
    00000] PI: I_SC_OVR(b 0 bu_ir9 glol_rq lw lel)
[  0.00000] Using ACPI (MADT) for SMP configuration information
[  0.000000] smpboot: Allowing 2 CPUs, 0 hotplug CPUs
[    0.000000] PM: Registered nosave memory: [mem 0x00000000-0x00000fff]
[    0.000000] PM: Registered nosave memory: [mem 0x0009f000-0x0009ffff]
[    0.000000] PM: Registered nosave memory: [mem 0x000a0000-0x000effff]
[    0.000000] PM: Regstered sae memory: [mem 0x000f0000-0x000fffff]
[  00000]e820: [mem 0x200000-0febfffff] available for PCI devices
[    0.0000 Booting paravirtualized kernel  KM    0.000] clksurc rfin-jffs:mask: 0xffffffff x_ycle 0ffffffff, max_ie_s: 7651600211568 ns
[  00000] etupercu: NR_US512 _cpumask_bis:512r_pu_ids:2 nr_node_ids:1
[    0.000000] PERCPU: Embedded 34 pagespu@ff8001fc00000 s99480 r8192 d31592 u1048576
[  0.000] Built 1 zonelists in Node order, mobility grouping on.  Total pages: 128888
[    0.000000] Policy zone: DMA32
[    0.000000] Kernel command line: BOOT_IMAGE=/boot/vmlinuz-4.4.0-142-generic root=LABEL=cloudimg-rootfs ro console=tty1 console=ttyS0
[    0.000000] PID hash table entries: 2048 (order: 2, 16384 bytes)
[    0.00000] Mery 4816K/23832K available (8603K kernelod, 1332K rwdata, 4004K rodata144K init, 1316K bss, 42176K reserved,  cma-seved)
  0.0000] LUB: HWalign=64, Order=0-3, Mibjcts, PUs, Ndes=1
[  00000] ern/Uer pagtables olation: enabled
[   0.000000] Hierarchical RCU implementation.
[    0.000000] 	Build-time adjustment of leaf fanout to 64.
[    0.000000] 	RCU restricting CPUs from NR_CPUS=512 to nr_cpu_ids=2.
[    0.000000] RCU: Adjusting geometry for rcu_fanout_leaf=64, nr_c_is=2[   0.000] NR_IRQS:33024 nr_irqs:440 6
[  0000000]onsole: colour V+ 0x25
[  0.00000] console [tty1] enabled
[  0000000] console [ttyS0] enabled
[  0000000] tsc: Detected 1896.000 MHz processor
[    8.783302] Calibrating delay loop (skipped) preset value.. 3792.00 BogoMIPS (lpj=7584000)
[    8.811839] pid_max: default: 32768 minimum: 301
[    8.819652] ACPI: Core revision 20150930
[    8.849486] ACPI: 2 ACPI AML tables successfully acquired and loaded
[    8.903167] Security Framework initialized
[    8.932439] Yama: becoming mindful.
[    8.947191] AppArmor: AppArmor initialized
[    8.967488] Dentry cache hash table entries: 65536 (order: 7, 524288 bytes)
[    8.995189] Inode-cache hash table entries: 32768 (order: 6, 262144 bytes)
[    9.003628] Mount-cache hash table entries: 1024 (order: 1, 8192 bytes)
[    9.031259] Mountpoint-cache hash table entries: 1024 (order: 1, 8192 bytes)
[    9.032990] Initializing cgroup subsys io
[    9.034005] Initializing cgroup subsys memory
[    9.075166] Initializing cgroup subsys devices
[    9.095513] Initializing cgroup subsys freezer
[    9.124990] Initializing cgroup subsys net_cls
[    9.126208] Initializing cgroup subsys perf_event
[    9.139819] Initializing cgroup subsys net_prio
[    9.140906] Initializing cgroup subsys hugetlb
[    9.141991] Initializing cgroup subsys pids
[    9.144252] mce: CPU supports 0 MCE banks
[    9.183087] Last level iTLB entries: 4KB 64, 2MB 8, 4MB 8
[    9.255491] Last level dTLB entries: 4KB 64, 2MB 0, 4MB 0, 1GB 4
[    9.276522] Spectre V2 : Mitigation: Full generic retpoline
[    9.277918] Spectre V2 : Spectre v2 / SpectreRSB mitigation: Filling RSB on context switch
[    9.334294] Speculative Store Bypass: Vulnerable
[    9.406539] Freeing SMP alternatives memory: 32K
[    9.446730] ftrace: allocating 32277 entries in 127 pages
[    9.520841] smpboot: APIC(0) Converting physical 0 to logical package 0
[    9.641022] smpboot: Max logical packages: 1
[    9.714625] x2apic enabled
[    9.715755] Switched APIC routing to physical x2apic.
[    9.718304] ..TIMER: vector=0x30 apic1=0 pin1=2 apic2=-1 pin2=-1
[  9.823872] smpboot: CPU0: Intel(R) Core(TM) i5-8350U CPU @ 1.70GHz (family: 0x6, model: 0x8e, stepping: 0xa)
[    9.929292] Performance Events: unsupported p6 CPU model 142 no PMU driver, software events only.
[   10.035373] KVM setup paravirtual spinlock
[   10.070172] x86: Booting SMP configuration:
[   10.131839] .... node  #0, CPUs:      #1
[   10.188549] kvm-clock: cpu 1, msr 0:1ffe3041, secondary cpu clock
[   10.191160] mce: CPU supports 0 MCE banks
[   10.194176] x86: Booted up 1 node, 2 CPUs
[   10.195809] smpboot: Total of 2 processors activated (7584.00 BogoMIPS)
[   10.244149] devtmpfs: initialized
[   10.280115] evm: security.selinux
[   10.336858] evm: security.SMACK64
[   10.337749] evm: security.SMACK64EXEC
[   10.338683] evm: security.SMACK64TRANSMUTE
[   10.339680] evm: security.SMACK64MMAP
[   10.340621] evm: security.ima
[   10.341503] evm: security.capability
[   10.401468] clocksource: jiffies: mask: 0xffffffff max_cycles: 0xffffffff, max_idle_ns: 7645041785100000 ns
[   10.403977] futex hash table entries: 512 (order: 3, 32768 bytes)
[   10.445424] pinctrl core: initialized pinctrl subsystem
[   10.446801] RTC time:  1:20:58, date: 02/16/19
[   10.549734] NET: Registered protocol family 16
[   10.574503] cpuidle: using governor ladder
[   10.641939] cpuidle: using governor menu
[   10.665220] PCCT header not found.
[   10.703729] ACPI: bus type PCI registered
[   10.772068] acpiphp: ACPI Hot Plug PCI Controller Driver version: 0.5
[   10.823307] PCI: Using configuration type 1 for base access
[   10.850144] ACPI: Added _OSI(Module Device)
[   10.895901] ACPI: Added _OSI(Processor Device)
[   10.929283] ACPI: Added _OSI(3.0 _SCP Extensions)
[   10.950141] ACPI: Added _OSI(Processor Aggregator Device)
[   10.952038] ACPI: Executed 1 blocks of module-level executable AML code
[   10.955785] ACPI: Interpreter enabled
[   10.978184] ACPI: (supports S0 S5)
[   11.044620] ACPI: Using IOAPIC for interrupt routing
[   11.136224] PCI: Using host bridge windows from ACPI; if necessary, use "pci=nocrs" and report a bug
[   11.260195] ACPI: PCI Root Bridge [PCI0] (domain 0000 [bus 00-ff])
[   11.324737] acpi PNP0A03:00: _OSC: OS supports [ASPM ClockPM Segments MSI]
[   11.424999] acpi PNP0A03:00: _OSC: not requesting OS control; OS requires [ExtendedConfig ASPM ClockPM MSI]
[   11.471776] acpi PNP0A03:00: fail to add MMCONFIG information, can't access extended PCI configuration space under this bridge.
[   11.554862] PCI host bridge to bus 0000:00
[   11.590216] pci_bus 0000:00: root bus resource [io  0x0000-0x0cf7 window]
[   11.597860] pci_bus 0000:00: root bus resource [io  0x0d00-0xffff window]
[   11.599464] pci_bus 0000:00: root bus resource [mem 0x000a0000-0x000bffff window]
[   11.601273] pci_bus 0000:00: root bus resource [mem 0x20000000-0xfdffffff window]
[   11.621486] pci_bus 0000:00: root bus resource [bus 00-ff]
[   11.654776] pci 0000:00:01.1: legacy IDE quirk: reg 0x10: [io  0x01f0-0x01f7]
[   11.787254] pci 0000:00:01.1: legacy IDE quirk: reg 0x14: [io  0x03f6]
[   11.837869] pci 0000:00:01.1: legacy IDE quirk: reg 0x18: [io  0x0170-0x0177]
[   11.893169] pci 0000:00:01.1: legacy IDE quirk: reg 0x1c: [io  0x0376]
[   11.984866] pci 0000:00:07.0: quirk: [io  0x4000-0x403f] claimed by PIIX4 ACPI
[   12.030864] pci 0000:00:07.0: quirk: [io  0x4100-0x410f] claimed by PIIX4 SMB
[   12.157880] ACPI: PCI Interrupt Link [LNKA] (IRQs 5 9 10 *11)
[   12.311471] ACPI: PCI Interrupt Link [LNKB] (IRQs 5 9 *10 11)
[   12.313283] ACPI: PCI Interrupt Link [LNKC] (IRQs 5 *9 10 11)
[   12.352317] ACPI: PCI Interrupt Link [LNKD] (IRQs 5 9 10 *11)
[   12.410113] ACPI: Enabled 2 GPEs in block 00 to 07
[   12.464749] vgaarb: setting as boot device: PCI:0000:00:02.0
[   12.466031] vgaarb: device added: PCI:0000:00:02.0,decodes=io+mem,owns=io+mem,locks=none
[   12.467985] vgaarb: loaded
[   12.468765] vgaarb: bridge control possible 0000:00:02.0
[   12.470213] SCSI subsystem initialized
[   12.471278] ACPI: bus type USB registered
[   12.472290] usbcore: registered new interface driver usbfs
[   12.473524] usbcore: registered new interface driver hub
[   12.528293] usbcore: registered new device driver usb
[   12.529825] PCI: Using ACPI for IRQ routing
[   12.531255] NetLabel: Initializing
[   12.532157] NetLabel:  domain hash size = 128
[   12.533215] NetLabel:  protocols = UNLABELED CIPSOv4
[   12.572816] NetLabel:  unlabeled traffic allowed by default
[   12.645234] amd_nb: Cannot enumerate AMD northbridges
[   12.728009] clocksource: Switched to clocksource kvm-clock
[   .7206] AppArmor: AppArmor Filesystem Enabled
[   12.855363] pnp: PnP ACPI init
[   12.857019] pnp: PnP ACPI: found 3 devices

[ 12680] cckurce: acpi_pm: mask: 0xffffff max_cycles: 0xffffff, max_idle_n 208014 
[   13.318387] NET: Registered protocol family 2

[   13.319835] TCP established hash table entries: 4096 (order: 3, 32768 te
[[  3.5455] TCP bind hash table entries: 4096 (order: 4, 65536 bytes)
[   13.529735] TCP: Hash tables configured (established 4096 bind 4096)
[   13.531117] UDP hash table entries: 256 (order: 1, 8192 bytes)
[   13.532419] UDP-Lite hash table entries: 256 (order: 1, 8192 bytes)
[   13.533845] NE Risreprotocol family 1
[   17373pc00:000: ming direcPCPCIrafe
  4.42] i 00000:.0Activating ISA DMA hang workarounds
[   14.811525] Unpacking initramfs...

[   15.042104] Freeing initrd memory: 14796K
[   15.157346] platform rtc_cmos: registered platform RTC device (no PNP device found)
[   15.284744] Scanning for low memory corruption every 60 seconds
[   15.353194] audit: initializing netlink subsys (disabled)
[   15.400836] audit: type=2000 audit(1550280056.796:1): initialized
[   15.402464] Initialise system trusted keyring
[   15.403809] HugeTLB registered 2 MB page size, pre-allocated 0 pages
[   15.406642] zbud: loaded
[   15.407749] VFS: Disk quotas dquot_6.6.0
[   15.460791] VFS: Dquot-cache hash table entries: 512 (order 0, 4096 bytes)
[   15.536217] squashfs: version 4.0 (2009/01/31) Phillip Lougher
[   .530 fe itAPveio7.)[   16.111625] Key type big_key registered
[  16.449] loti IMAMOK d acklist keyrings.
[   16.527668] tsc: Refined TSC clocksource calibration: 1894.662 MHz

[   16.529180] clocksource: tsc: mask: 0xffffffffffffffff max_cycles: 0x369ef2a48a4, max_idle_ns: 881590629995 ns
[   16.533430] Key type asymmetric registered
[   16.573303] Asymmetric key parser 'x509' registered
[   16.636799] Block layer SCSI generic (bsg) driver version 0.4 loaded (major 249)
[   16.778862] io scheduler noop registered
[   16.827110] io scheduler deadline registered (default)
[   16.896586] io scheduler cfq registered
[   16.958866] pci_hotplug: PCI Hot Plug PCI Core version: 0.5
[   17.053695] pciehp: PCI Express Hot Plug Controller Driver version: 0.4
[   17.081749] ACPI: AC Adapter [AC] (on-line)
[   17.162065] input: Power Button as /devices/LNXSYSTM:00/LNXPWRBN:00/input/input0
[   17.172114] ACPI: Power Button [PWRF]
[   17.173110] input: Sleep Button as /devices/LNXSYSTM:00/LNXSLPBN:00/input/input1
[   17.181741] ACPI: Sleep Button [SLPF]
[   17.190979] GHES: HEST is not enabled!
[   17.200166] ACPI: Battery Slot [BAT0] (battery present)
[   17.200256] Serial: 8250/16550 driver, 32 ports, IRQ sharing enabled
[   17.237598] 00:02: ttyS0 at I/O 0x3f8 (irq = 4, base_baud = 115200) is a 16550A
[   17.262690] Linux agpgart interface v0.103
[   17.272463] loop: module loaded
[   17.274090] scsi host0: ata_piix
[   17.275587] scsi host1: ata_piix
[   17.283296] ata1: PATA max UDMA/33 cmd 0x1f0 ctl 0x3f6 bmdma 0xd000 irq 14
[   17.303657] ata2: PATA max UDMA/33 cmd 0x170 ctl 0x376 bmdma 0xd008 irq 15
[   .3775 libphy: Fixed MDIO Bus: probed
[   17.564357] tun: Universal TUN/TAP device driver, 1.6
[   17.620058] tun: (C) 1999-2004 Max Krasnyansky <maxk@qualcomm.com>
[   17.695517] PPP generic driver version 2.4.2
[   17.735344] ehci_hcd: USB 2.0 'Enhanced' Host Controller (EHCI) Driver
[   17.796836] ehci-pci: EHCI PCI platform driver
[   17.797932] ehci-platform: EHCI generic platform driver
[   17.799131] ohci_hcd: USB 1.1 'Open' Host Controller (OHCI) Driver
[   17.800481] ohci-pci: OHCI PCI platform driver
[   17.827882] ohci-platform: OHCI generic platform driver
[   17.894336] uhci_hcd: USB Universal Host Controller Interface driver
[   17.977523] i8042: PNP: PS/2 Controller [PNP0303:PS2K,PNP0f03:PS2M] at 0x60,0x64 irq 1,12
[   17.980276] serio: i8042 KBD port at 0x60,0x64 irq 1
[   1798150 sioi804AUX port at 0x60,0x64 i 1

[   .388 msedev: PS/2 mouse device common for all mice
[   18.530148] input: AT Translated Set 2 keyboard as /devices/platform/i8042/serio0/input/input2
[   18.532541] rtc_cmos rtc_cmos: rtc core: registered rtc_cmos as rtc0
[   18.604663] rtc_cmos rtc_cmos: alarms up to one day, 114 bytes nvram
[   18.706022] i2c /dev entries driver
[   18.792871] device-mapper: uevent: version 1.0.3
[   18.814611] device-mapper: ioctl: 4.34.0-ioctl (2015-10-28) initialised: dm-devel@redhat.com
[   18.816671] ledtrig-cpu: registered to indicate activity on CPUs
[   18.818467] NET: Registered protocol family 10
[   18.819740] NET: Registered protocol family 17
[   18.839886] Key type dns_resolver registered
[   18.893988] registered taskstats version 1
[   18.993881] Loading compiled-in X.509 certificates
[   19.027883] Loaded X.509 cert 'Build time autogenerated kernel key: bff73e56bc0efa7435b2a24f5427674623f1be80'
[   19.030222] zswap: loaded using pool lzo/zbud
[   19.033271] Key type trusted registered
[   19.037283] Key type encrypted registered
[   19.038284] AppArmor: AppArmor sha1 policy hashing enabled
[   19.039516] ima: No TPM chip found, activating TPM-bypass!
[   19.073004] ima: Allocated hash algorithm: sha1
[   19.088254] evm: HMAC attrs: 0x1
[   19.095399]   Magic number: 7:550:306
[   19.146413] tty tty35: hash matches
[   19.185595] rtc_cmos rtc_cmos: setting system clock to 2019-02-16 01:21:07 UTC (1550280067)
[   19.201336] BIOS EDD facility v0.16 2004-Jun-25, 0 devics un
[   19.327702] EDD informati n ailable.
 [   19.478849] Freeing unused kernel memory: 1484K
[   20.313704] Write protecting the kernel read-only data: 14336k
[   21.479752] Freeing unused kernel memory: 1624K
[   22.601475] Freeing unused kernel memory: 92K
Loading, please [   23.686637] random: systemd-udevd: uninitialized urandom read (16 bytes read, 9 bits of entropy available)
wait...
startin[   23.687210] random: udevadm: uninitialized urandom read (16 bytes read, 9 bits of entropy available)
g version 229
[   23.687228] random: udevadm: uninitialized urandom read (16 bytes read, 9 bits of entropy available)
[   23.695567] random: udevadm: uninitialized urandom read (16 bytes read, 9 bits of entropy available)
[   23.695604] random: udevadm: uninitialized urandom read (16 bytes read, 9 bits of entropy available)
[   23.695731] random: udevadm: uninitialized urandom read (16 bytes read, 9 bits of entropy available)
[   23.695775] random: udevadm: uninitialized urandom read (16 bytes read, 9 bits of entropy available)
[   23.695822] random: udevadm: uninitialized urandom read (16 bytes read, 9 bits of entropy available)
[   23.695867] random: udevadm: uninitialized urandom read (16 bytes read, 9 bits of entropy available)
[   23.695909] random: udevadm: uninitialized urandom read (16 bytes read, 9 bits of entropy available)
[   24.367123] e1000: Intel(R) PRO/1000 Network Driver - version 7.3.21-k8-NAPI
[   24.402307] e1000: Copyright (c) 1999-2006 Intel Corporation.
[   24.456406] Fusion MPT base driver 3.04.20
[   24.457701] Copyright (c) 1999-2008 LSI Corporation
[   24.474352] AVX2 version of gcm_enc/dec engaged.
[   24.510316] Fusion MPT SPI Host driver 3.04.20
[   24.562902] AES CTR mode by8 optimization enabled
[   24.669629] input: ImExPS/2 Generic Explorer Mouse as /devices/platform/i8042/serio1/input/input4
[   24.885228] e1000 0000:00:03.0 eth0: (PCI:33MHz:32-bit) 02:a9:46:80:4d:77
[   25.009366] e1000 0000:00:03.0 eth0: Intel(R) PRO/1000 Network Connection
[   25.024913] mptbase: ioc0: Initiating bringup
[   25.144901] ioc0: LSI53C1030 A0: Capabilities={Initiator}
[   25.317758] scsi host2: ioc0: LSI53C1030 A0, FwRev=00000000h, Ports=1, MaxQ=256, IRQ=20
[   25.571390] scsi 2:0:0:0: Direct-Access     VBOX     HARDDISK         1.0  PQ: 0 ANSI: 5
[   26.173234] scsi target2:0:0: Beginning Domain Validation
[   26.514382] scsi target2:0:0: Domain Validation skipping write tests
[   26.521932] scsi target2:0:0: Ending Domain Validation
[   26.523472] scsi target2:0:0: asynchronous
[   26.552256] scsi 2:0:1:0: Direct-Access     VBOX     HARDDISK         1.0  PQ: 0 ANSI: 5
[   26.576903] scsi target2:0:1: Beginning Domain Validation
[   26.585098] scsi target2:0:1: Domain Validation skipping write tests
[   26.586541] scsi target2:0:1: Ending Domain Validation
[   26.587850] scsi target2:0:1: asynchronous
[   26.596985] sd 2:0:0:0: Attached scsi generic sg0 type 0
[   26.598450] sd 2:0:0:0: [sda] 20971520 512-byte logical blocks: (10.7 GB/10.0 GiB)
[   26.615023] sd 2:0:1:0: Attached scsi generic sg1 type 0
[   26.616721] sd 2:0:1:0: [sdb] 20480 512-byte logical blocks: (10.5 MB/10.0 MiB)
[   26.636467] sd 2:0:0:0: [sda] Write Protect is off
[   26.660624] sd 2:0:1:0: [sdb] Write Protect is off
[   26.673053] sd 2:0:0:0: [sda] Incomplete mode parameter data
[   26.674955] sd 2:0:0:0: [sda] Assuming drive cache: write through
[   26.689126] sd 2:0:1:0: [sdb] Incomplete mode parameter data
[   26.696437] sd 2:0:1:0: [sdb] Assuming drive cache: write through
[   26.715389] sd 2:0:1:0: [sdb] Attached SCSI disk
[   26.720790]  sda: sda1
[   26.722606] sd 2:0:0:0: [sda] Attached SCSI disk
[   26.894836] e1000 0000:00:08.0 eth1: (PCI:33MHz:32-bit) 08:00:27:df:46:83
[   26.915415] e1000 0000:00:08.0 eth1: Intel(R) PRO/1000 Network Connection
[   26.950177] e1000 0000:00:08.0 enp0s8: renamed from eth1
[   26.968944] e1000 0000:00:03.0 enp0s3: renamed from eth0
Begin: Loading essential drivers ... [   28.423176] md: linear personality registered for level -1
[   28.433980] md: multipath personality registered for level -4
[   28.501502] md: raid0 personality registered for level 0
[   28.567736] md: raid1 personality registered for level 1
[   28.692286] raid6: sse2x1   gen() 11703 MB/s
[   28.780103] raid6: sse2x1   xor()  8554 MB/s
[   28.860339] raid6: sse2x2   gen() 14238 MB/s
[   28.932356] raid6: sse2x2   xor()  9912 MB/s
[   29.080204] raid6: sse2x4   gen() 16321 MB/s
[   29.220284] raid6: sse2x4   xor() 11040 MB/s
[   29.380396] raid6: avx2x1   gen() 18944 MB/s
[   29.536042] raid6: avx2x2   gen() 19811 MB/s
[   29.612170] raid6: avx2x4   gen() 29480 MB/s
[   29.669239] raid6: using algorithm avx2x4 gen() 29480 MB/s
[   29.759457] raid6: using avx2x2 recovery algorithm
[   29.854332] xor: automatically using best checksumming function:
[   29.904081]    avx       : 24416.000 MB/sec
[   29.950677] async_tx: api initialized (async)
[   30.034067] md: raid6 personality registered for level 6
[   30.132034] md: raid5 personality registered for level 5
[   30.253051] md: raid4 personality registered for level 4
[   30.315454] md: raid10 personality registered for level 10
done.
Begin: Running /scripts/init-premount ...[   30.384926] Btrfs loaded
 done.
Begin: Mounting root file system ... Begin: Running /scripts/local-top ... done.
Begin: Running /scripts/local-premount ... Scanning for Btrfs filesystems
done.
Warning: fsck no[   30.472806] EXT4-fs (sda1): mounted filesystem with ordered data mode. Opts: (null)
t present, so skipping root file system
done.
Begin: Running /scripts/local-bottom ... done.
Begin: Running /scripts/init-bottom ... done.
[   30.678583] systemd[1]: systemd 229 running in system mode. (+PAM +AUDIT +SELINUX +IMA +APPARMOR +SMACK +SYSVINIT +UTMP +LIBCRYPTSETUP +GCRYPT +GNUTLS +ACL +XZ -LZ4 +SECCOMP +BLKID +ELFUTILS +KMOD -IDN)
[   30.761590] systemd[1]: Detected virtualization oracle.
[   30.805576] systemd[1]: Detected architecture x86-64.

Welcome to [1mUbuntu 16.04.5 LTS[0m!

[   30.810587] systemd[1]: Set hostname to <ubuntu>.
[   30.814338] systemd[1]: Initializing machine ID from random generator.
[   30.815852] systemd[1]: Installed transient /etc/machine-id file.
[   30.954824] systemd[1]: Reached target User and Group Name Lookups.
[[0;32m  OK  [0m] Reached target User and Group Name Lookups.
[   31.073994] systemd[1]: Listening on /dev/initctl Compatibility Named Pipe.
[[0;32m  OK  [0m] Listening on /dev/initctl Compatibility Named Pipe.
[   31.329202] systemd[1]: Created slice System Slice.
[[0;32m  OK  [0m] Created slice System Slice.
[   31.400475] systemd[1]: Created slice system-serial\x2dgetty.slice.
[[0;32m  OK  [0m] Created slice system-serial\x2dgetty.slice.
[   31.609753] systemd[1]: Reached target Swap.
[[0;32m  OK  [0m] Reached target Swap.
[   31.712867] systemd[1]: Listening on Journal Socket.
[[0;32m  OK  [0m] Listening on Journal Socket.
[   31.781061] systemd[1]: Starting Nameserver information manager...
         Starting Nameserver information manager...
[   31.892886] systemd[1]: Starting Set console keymap...
         Starting Set console keymap...
[   31.992725] systemd[1]: Starting Uncomplicated firewall...
[   32.074807] random: nonblocking pool is initialized
         Starting Uncomplicated firewall...
[   32.077515] systemd[1]: Listening on udev Control Socket.
[[0;32m  OK  [0m] Listening on udev Control Socket.
[   32.080322] systemd[1]: Listening on LVM2 poll daemon socket.
[[0;32m  OK  [0m] Listening on LVM2 poll daemon socket.
[   32.083161] systemd[1]: Reached target System Time Synchronized.
[[0;32m  OK  [0m] Reached target System Time Synchronized.
[   32.093929] systemd[1]: Created slice User and Session Slice.
[[0;32m  OK  [0m] Created slice User and Session Slice.
[   32.284299] systemd[1]: Mounting Huge Pages File System...
         Mounting Huge Pages File System...
[   32.392348] systemd[1]: Mounting Debug File System...
         Mounting Debug File System...
[   32.568631] systemd[1]: Listening on LVM2 metadata daemon socket.
[[0;32m  OK  [0m] Listening on LVM2 metadata daemon socket.
[   32.760168] systemd[1]: Started Trigger resolvconf update for networkd DNS.
[[0;32m  OK  [0m] Started Trigger resolvconf update for networkd DNS.
[   32.829205] systemd[1]: Mounting POSIX Message Queue File System...
         Mounting POSIX Message Queue File System...
[   32.893712] systemd[1]: Starting Load Kernel Modules...
[   39227Loin iSCSI transport class v2.0-870.
         Starting Load Kernel Modules...
[   33.180666] iscsi: registered transport (tcp)
[   34.204322] systemd[1]: Listening on udev Kernel Socket.
[[0;32m  OK  [0m] Listening on[   34.227204] iscsi: registered transport (iser)
 udev Kernel Socket.
[   34.304777] systemd[1]: Starting Remount Root and Kernel File Systems...
[   34.311542] EXT4-fs (sda1): re-mounted. Opts: (null)
         Starting Remount Root and Kernel File Systems...
[   34.480961] systemd[1]: Listening on Journal Socket (/dev/log).
[[0;32m  OK  [0m] Listening on Journal Socket (/dev/log).
[   34.617385] systemd[1]: Starting Create list of required static device nodes for the current kernel...
         Starting Create list of required st... nodes for the current kernel...
[   34.682071] systemd[1]: Listening on Device-mapper event daemon FIFOs.
[[0;32m  OK  [0m] Listening on Device-mapper event daemon FIFOs.
[   34.880927] systemd[1]: Started Forward Password Requests to Wall Directory Watch.
[[0;32m  OK  [0m] Started Forward Password Requests to Wall Directory Watch.
[   34.916208] systemd[1]: Reached target Encrypted Volumes.
[[0;32m  OK  [0m] Reached target Encrypted Volumes.
[   35.080329] systemd[1]: Starting Monitoring of LVM2 mirrors, snapshots etc. using dmeventd or progress polling...
         Starting Monitoring of LVM2 mirrors... dmeventd or progress polling...
[   35.246719] systemd[1]: Set up automount Arbitrary Executable File Formats File System Automount Point.
[[0;32m  OK  [0m] Set up automount Arbitrary Executab...ats File System Automount Point.
[   35.463405] systemd[1]: Reached target Slices.
[[0;32m  OK  [0m] Reached target Slices.
[   35.616324] systemd[1]: Listening on Syslog Socket.
[[0;32m  OK  [0m] Listening on Syslog Socket.
[   35.713889] systemd[1]: Listening on Journal Audit Socket.
[[0;32m  OK  [0m] Listening on Journal Audit Socket.
[   35.852485] systemd[1]: Starting Journal Service...
         Starting Journal Service...
[   35.953644] systemd[1]: Mounted Huge Pages File System.
[[0;32m  OK  [0m] Mounted Huge Pages File System.
[   36.085089] systemd[1]: Mounted Debug File System.
[[0;32m  OK  [0m] Mounted Debug File System.
[   36.185232] systemd[1]: Mounted POSIX Message Queue File System.
[[0;32m  OK  [0m] Mounted POSIX Message Queue File System.
[   36.349385] systemd[1]: Started Journal Service.
[[0;32m  OK  [0m] Started Journal Service.
[[0;32m  OK  [0m] Started Set console keymap.
[[0;32m  OK  [0m] Started Uncomplicated firewall.
[[0;32m  OK  [0m] Started Load Kernel Modules.
[[0;32m  OK  [0m] Started Remount Root and Kernel File Systems.
[[0;32m  OK  [0m] Started Create list of required sta...ce nodes for the current kernel.
[[0;32m  OK  [0m] Started Nameserver information manager.
[[0;32m  OK  [0m] Started LVM2 metadata daemon.
         Starting Create Static Device Nodes in /dev...
         Starting Load/Save Random Seed...
         Starting udev Coldplug all Devices...
         Starting Apply Kernel Variables...
         Mounting FUSE Control File System...
         Starting Flush Journal to Persistent Storage...
[[0;32m  OK  [0m] Mounted FUSE Control File System.
[[0;32m  OK  [0m] Started Monitoring of LVM2 mirrors,...ng dmeventd or progress polling.
[[0;32m  OK  [0m] Started Create Static Device Nodes in /dev.
[[0;32m  OK  [0m] Started Load/Save Random Seed.
[[0;32m  OK  [0m] Started Apply Kernel Variables.
[[0;32m  OK  [0m] Started udev Coldplug all Devices.
         Starting udev Kernel Device Manager...
[[0;32m  OK  [0m] Reached target Local File Systems (Pre).
[[0;32m  OK  [0m] Reached target Local File Systems.
         Starting Tell Plymouth To Write Out Runtime Data...
         Starting LSB: AppArmor initialization...
         Starting Set console font and keymap...
         Starting Initial cloud-init job (pre-networking)...
         Starting Commit a transient machine-id on disk...
[[0;32m  OK  [0m] Started udev Kernel Device Manager.
[[0;32m  OK  [0m] Started Flush Journal to Persistent Storage.
[[0;32m  OK  [0m] Started Tell Plymouth To Write Out Runtime Data.
[[0;32m  OK  [0m] Started Commit a transient machine-id on disk.
[[0;32m  OK  [0m] Found device /dev/ttyS0.
[[0;32m  OK  [0m] Listening on Load/Save RF Kill Switch Status /dev/rfkill Watch.
         Starting Create Volatile Files and Directories...
[[0;32m  OK  [0m] Started Dispatch Password Requests to Console Directory Watch.
[[0;32m  OK  [0m] Started Create Volatile Files and Directories.
         Starting Update UTMP about System Boot/Shutdown...
[[0;32m  OK  [0m] Started Update UTMP about System Boot/Shutdown.
[[0;32m  OK  [0m] Started Set console font and keymap.
[[0;32m  OK  [0m] Created slice system-getty.slice.
[   28.033245] cloud-init[597]: Cloud-init v. 18.4-0ubuntu1~16.04.2 running 'init-local' at Sat, 16 Feb 2019 01:21:27 +0000. Up 27.43 seconds.
[[0;32m  OK  [0m] Started Initial cloud-init job (pre-networking).
[[0;32m  OK  [0m] Reached target Network (Pre).
[[0;32m  OK  [0m] Started LSB: AppArmor initialization.
         Starting Raise network interfaces...
[[0;32m  OK  [0m] Started Raise network interfaces.
[[0;32m  OK  [0m] Reached target Network.
         Starting Initial cloud-init job (metadata service crawler)...
[   30.187267] cloud-init[948]: Cloud-init v. 18.4-0ubuntu1~16.04.2 running 'init' at Sat, 16 Feb 2019 01:21:30 +0000. Up 29.51 seconds.
[   30.249198] cloud-init[948]: ci-info: ++++++++++++++++++++++++++++++++++++++Net device info+++++++++++++++++++++++++++++++++++++++
[[   30.249442] cloud-init[948]: ci-info: +--------+-------+----------------------------+---------------+--------+-------------------+
[0;32m  OK  [0m] Started Initial cloud-init job (metadata service crawler).
[   30.249693] cloud-init[948]: ci-info: | Device |   Up  |          Address           |      Mask     | Scope  |     Hw-Address    |
[   30.788817] cloud-init[948]: ci-info: +--------+-------+----------------------------+---------------+--------+-------------------+
[[   30.789257] cloud-init[948]: ci-info: | enp0s3 |  True |         10.0.2.15          | 255.255.255.0 | global | 02:a9:46:80:4d:77 |
[0;32m  OK  [0m] Reached target Cloud-config availability.
[   30.789628] cloud-init[948]: ci-info: | enp0s3 |  True | fe80::a9:46ff:fe80:4d77/64 |       .       |  link  | 02:a9:46:80:4d:77 |
[[   31.105489] cloud-init[948]: ci-info: | enp0s8 | False |             .              |       .       |   .    | 08:00:27:df:46:83 |
[0;32m  OK  [0m] Reached target System Initialization.
[   31.110527] cloud-init[948]: ci-info: |   lo   |  True |         127.0.0.1          |   255.0.0.0   |  host  |         .         |
[[   31.274088] cloud-init[948]: ci-info: |   lo   |  True |          ::1/128           |       .       |  host  |         .         |
[0;32m  OK  [0m] Listening on ACPID Listen Socket.
[   31.276072] cloud-init[948]: ci-info: +--------+-------+----------------------------+---------------+--------+-------------------+
[[   31.586591] cloud-init[948]: ci-info: +++++++++++++++++++++++++++Route IPv4 info++++++++++++++++++++++++++++
[0;32m  OK  [0m] Started Daily Cleanup of Temporary Directories.
[   31.587683] cloud-init[948]: ci-info: +-------+-------------+----------+---------------+-----------+-------+
[   31.774189] cloud-init[948]: ci-info: | Route | Destination | Gateway  |    Genmask    | Interface | Flags |
[[   31.774587] cloud-init[948]: ci-info: +-------+-------------+----------+---------------+-----------+-------+
[0;32m  OK  [0m] Started ACPI Events Check.
[[   31.785365] cloud-init[948]: ci-info: |   0   |   0.0.0.0   | 10.0.2.2 |    0.0.0.0    |   enp0s3  |   UG  |
[0;32m  OK  [0m[   31.960609] cloud-init[948]: ci-info: |   1   |   10.0.2.0  | 0.0.0.0  | 255.255.255.0 |   enp0s3  |   U   |
] Reached target Paths.
[[   31.961276] cloud-init[948]: ci-info: +-------+-------------+----------+---------------+-----------+-------+
[0;32m  OK  [0m[   32.144903] cloud-init[948]: ci-info: +++++++++++++++++++Route IPv6 info+++++++++++++++++++
] Listening on UUID daemon activation socket.
[[   32.145171] cloud-init[948]: ci-info: +-------+-------------+---------+-----------+-------+
[0;32m  OK  [0m[   32.324668] cloud-init[948]: ci-info: | Route | Destination | Gateway | Interface | Flags |
] [   32.324932] cloud-init[948]: ci-info: +-------+-------------+---------+-----------+-------+
Listening on D-Bus System Message Bus Socket.[   32.325029] cloud-init[948]: ci-info: |   0   |  fe80::/64  |    ::   |   enp0s3  |   U   |

[   32.325225] cloud-init[948]: ci-info: |   3   |   ff00::/8  |    ::   |   enp0s3  |   U   |
[   32.961887] cloud-init[948]: ci-info: +-------+-------------+---------+-----------+-------+
[[   32.962249] cloud-init[948]: Generating public/private rsa key pair.
[0;32m  OK  [0m[   32.962574] cloud-init[948]: Your identification has been saved in /etc/ssh/ssh_host_rsa_key.
] Started Daily apt download activities.
[[   32.962648] cloud-init[948]: Your public key has been saved in /etc/ssh/ssh_host_rsa_key.pub.
[0;32m  OK  [0m[   33.830101] cloud-init[948]: The key fingerprint is:
] Started Daily apt upgrade and clean activities.
[   33.830662] cloud-init[948]: SHA256:M4VwMawCFg5v1p+pnHKp/q8T7pzHtEfLQFHsiGnaM90 root@ubuntu-xenial
[[   33.931161] cloud-init[948]: The key's randomart image is:
[0;32m  OK  [0m] Reached target Timers.
[   33.934313] cloud-init[948]: +---[RSA 2048]----+
         Starting LXD - unix socket.[   33.969857] cloud-init[948]: |. ..  .+=.       |

[   33.970076] cloud-init[948]: | +o.  .ooo       |
[   34.132785] cloud-init[948]: | .=..o =. .      |
         [   34.133150] cloud-init[948]: | o  =.+o..       |
Starting Socket activation for snappy daemon.[   34.133587] cloud-init[948]: |   + ++.S        |

[   34.133637] cloud-init[948]: |  ..=++ Eo       |
[[   34.377015] cloud-init[948]: |  ..** = .       |
[0;32m  OK  [0m] Reached target Network is Online.
[   34.377812] cloud-init[948]: |   =o.+ +        |
         [   34.537172] cloud-init[948]: | .oo*=..         |
Starting iSCSI initiator daemon (iscsid)...[   34.539825] cloud-init[948]: +----[SHA256]-----+

[   34.540909] cloud-init[948]: Generating public/private dsa key pair.
[   34.668910] cloud-init[948]: Your identification has been saved in /etc/ssh/ssh_host_dsa_key.
[[   34.669200] cloud-init[948]: Your public key has been saved in /etc/ssh/ssh_host_dsa_key.pub.
[0;32m  OK  [0m[   34.670920] cloud-init[948]: The key fingerprint is:
] Listening on LXD - unix socket.
[[   34.672513] cloud-init[948]: SHA256:If/Z1otp80MP0+YPyMCqQrBWEFSInEx+2E1WxhscLzM root@ubuntu-xenial
[0;32m  OK  [0m[   34.686846] cloud-init[948]: The key's randomart image is:
] [   34.688655] cloud-init[948]: +---[DSA 1024]----+
Listening on Socket activation for snappy daemon.
[   34.688912] cloud-init[948]: |++++.o++.        |
[   34.820850] cloud-init[948]: |o+= + .+.        |
[   34.823930] cloud-init[948]: | o + ..E+.       |
[   34.872740] cloud-init[948]: |  o .  ++o       |
[[   34.873062] cloud-init[948]: |   +    S o    . |
[0;32m  OK  [0m[   34.874092] cloud-init[948]: |  o .    o = o+ o|
] Started iSCSI initiator daemon (iscsid).
[   34.874334] cloud-init[948]: | . .    . o =.o* |
[   34.968277] cloud-init[948]: |    .  .   .oo.oo|
         [   34.968683] cloud-init[948]: |     ..    .ooo.o|
Starting Login to default iSCSI targets...[   34.969173] cloud-init[948]: +----[SHA256]-----+

[[   34.969246] cloud-init[948]: Generating public/private ecdsa key pair.
[0;32m  OK  [0m[   35.008757] cloud-init[948]: Your identification has been saved in /etc/ssh/ssh_host_ecdsa_key.
] Reached target Sockets.
[[   35.009107] cloud-init[948]: Your public key has been saved in /etc/ssh/ssh_host_ecdsa_key.pub.
[0;32m  OK  [0m[   35.132771] cloud-init[948]: The key fingerprint is:
] Reached target Basic System.
[   35.132982] cloud-init[948]: SHA256:Ia/UofXfvmCMqsdbRQQ2v/gsbagjCsMGE9pvrDasxUw root@ubuntu-xenial
[   35.386519] cloud-init[948]: The key's randomart image is:         Starting /etc/rc.local Compatibility...

[   35.390740] cloud-init[948]: +---[ECDSA 256]---+
[   35.393047] cloud-init[948]: |          +..    |
[   35.433162] cloud-init[948]: |         . +     |
         [   35.433449] cloud-init[948]: |.     . +   o    |
Starting Virtualbox guest utils...
[   35.433929] cloud-init[948]: |.o     * + o .   |
         [   35.480064] cloud-init[948]: |+ E   o S o o    |
Starting Login Service...
[   35.490303] cloud-init[948]: | B o . .   X .   |
[   35.654743] cloud-init[948]: | .O + ..  = X .  |
         Starting LSB: Record successful boot for GRUB...
[   35.655802] cloud-init[948]: | o+=  . ++ + o   |
[   35.827343] cloud-init[948]: |.o.....++o    o. |
         [   35.827690] cloud-init[948]: +----[SHA256]-----+
Starting Pollinate to seed the pseudo random number generator...
[   35.828134] cloud-init[948]: Generating public/private ed25519 key pair.
[   35.856199] cloud-init[948]: Your identification has been saved in /etc/ssh/ssh_host_ed25519_key.
[   35.858549] cloud-init[948]: Your public key has been saved in /etc/ssh/ssh_host_ed25519_key.pub.
[   35.860807] cloud-init[948]: The key fingerprint is:
[   35.862483] cloud-init[948]: SHA256:glMA3S6hMBnC//pQSqNBVzxPGkezu1BGzFv7ToSHaQo root@ubuntu-xenial
[   35.864901] cloud-init[948]: The key's randomart image is:
[[   35.865298] cloud-init[948]: +--[ED25519 256]--+
[0;32m  OK  [0m[   35.866426] cloud-init[948]: |+o.ooo++         |
] [   35.867997] cloud-init[948]: |=.  +=o=o.       |
Started FUSE filesystem for LXC.[   35.869340] cloud-init[948]: | +.o oO+o =      |

[   35.870577] cloud-init[948]: |. o..E+o.* o     |
[   35.871685] cloud-init[948]: | . o++o.S +      |
[   35.872497] cloud-init[948]: |  + +o.o.  o     |
[   35.872656] cloud-init[948]: | . o.  .  o      |
[   35.873221] cloud-init[948]: |   ..      .     |
[   35.873553] cloud-init[948]: |    ..           |
[   35.874130] cloud-init[948]: +----[SHA256]-----+
[[0;32m  OK  [0m] Started Regular background program processing daemon.
[[0;32m  OK  [0m] Started Deferred execution scheduler.
         Starting Accounts Service...
         Starting System Logging Service...
         Starting Snappy daemon...
[[0;32m  OK  [0m] Started D-Bus System Message Bus.
[[0;32m  OK  [0m] Started ACPI event daemon.
         Starting LSB: MD monitoring daemon...
[[0;32m  OK  [0m] Started Unattended Upgrades Shutdown.
         Starting LXD - container startup/shutdown...
[[0;32m  OK  [0m] Started System Logging Service.
[[0;32m  OK  [0m] Started Snappy daemon.
[[0;32m  OK  [0m] Started /etc/rc.local Compatibility.
[[0;32m  OK  [0m] Started Login to default iSCSI targets.
[[0;32m  OK  [0m] Started LXD - container startup/shutdown.
[[0;32m  OK  [0m] Started Virtualbox guest utils.
[[0;32m  OK  [0m] Started LSB: Record successful boot for GRUB.
[[0;32m  OK  [0m] Started LSB: MD monitoring daemon.
         Starting Authenticate and Authorize Users to Run Privileged Tasks...
[[0;32m  OK  [0m] Reached target Remote File Systems (Pre).
[[0;32m  OK  [0m] Reached target Remote File Systems.
         Starting Permit User Sessions...
         Starting LSB: automatic crash report generation...
         Starting LSB: daemon to balance interrupts for SMP systems...
         Starting LSB: Set the CPU Frequency Scaling governor to "ondemand"...
         Starting Wait until snapd is fully seeded...
[[0;32m  OK  [0m] Started Pollinate to seed the pseudo random number generator.
[[0;32m  OK  [0m] Started Permit User Sessions.
[[0;32m  OK  [0m] Started Login Service.
[[0;32m  OK  [0m] Started Authenticate and Authorize Users to Run Privileged Tasks.
[[0;32m  OK  [0m] Started Accounts Service.
[[0;32m  OK  [0m] Started LSB: automatic crash report generation.
[[0;32m  OK  [0m] Started LSB: daemon to balance interrupts for SMP systems.
[[0;32m  OK  [0m] Started LSB: Set the CPU Frequency Scaling governor to "ondemand".
         Starting Terminate Plymouth Boot Screen...
         Starting Hold until boot process finishes up...
         Starting OpenBSD Secure Shell server...
[[0;32m  OK  [0m] Started Terminate Plymouth Boot Screen.
[[0;32m  OK  [0m] Started Hold until boot process finishes up.
[[0;32m  OK  [0m] Started OpenBSD Secure Shell server.
[[0;32m  OK  [0m] Started Getty on tty1.
         Starting Set console scheme...
[[0;32m  OK  [0m] Started Serial Getty on ttyS0.
[[0;32m  OK  [0m] Reached target Login Prompts.
[[0;32m  OK  [0m] Started Set console scheme.
[[0;32m  OK  [0m] Created slice User Slice of vagrant.
         Starting User Manager for UID 1000...
[[0;32m  OK  [0m] Started User Manager for UID 1000.
[[0;32m  OK  [0m] Started Session 1 of user vagrant.
[[0;32m  OK  [0m] Started Wait until snapd is fully seeded.
         Starting Apply the settings specified in cloud-config...
[[0;32m  OK  [0m] Reached target Multi-User System.
[[0;32m  OK  [0m] Reached target Graphical Interface.
         Starting Update UTMP about System Runlevel Changes...
[[0;32m  OK  [0m] Started Update UTMP about System Runlevel Changes.
[   40.943654] cloud-init[1405]: Generating locales (this might take a while)...
         Stopping User Manager for UID 1000...
[[0;32m  OK  [0m] Stopped User Manager for UID 1000.
[[0;32m  OK  [0m] Removed slice User Slice of vagrant.
[   42.017417] cloud-init[1405]:   en_US.UTF-8... done
[   42.036199] cloud-init[1405]: Generation complete.
[[0;32m  OK  [0m] Created slice User Slice of vagrant.
         Starting User Manager for UID 1000...
[[0;32m  OK  [0m] Started Session 2 of user vagrant.
[[0;32m  OK  [0m] Started User Manager for UID 1000.
[   42.358362] cloud-init[1405]: Cloud-init v. 18.4-0ubuntu1~16.04.2 running 'modules:config' at Sat, 16 Feb 2019 01:21:41 +0000. Up 40.80 seconds.
[[0;32m  OK  [0m] Started Apply the settings specified in cloud-config.
ci-info: no authorized ssh keys fingerprints found for user ubuntu.
<14>Feb 16 01:21:43 ec2: 
<14>Feb 16 01:21:43 ec2: #############################################################
<14>Feb 16 01:21:43 ec2: -----BEGIN SSH HOST KEY FINGERPRINTS-----
<14>Feb 16 01:21:43 ec2: 1024 SHA256:If/Z1otp80MP0+YPyMCqQrBWEFSInEx+2E1WxhscLzM root@ubuntu-xenial (DSA)
<14>Feb 16 01:21:43 ec2: 256 SHA256:Ia/UofXfvmCMqsdbRQQ2v/gsbagjCsMGE9pvrDasxUw root@ubuntu-xenial (ECDSA)
<14>Feb 16 01:21:43 ec2: 256 SHA256:glMA3S6hMBnC//pQSqNBVzxPGkezu1BGzFv7ToSHaQo root@ubuntu-xenial (ED25519)
<14>Feb 16 01:21:43 ec2: 2048 SHA256:M4VwMawCFg5v1p+pnHKp/q8T7pzHtEfLQFHsiGnaM90 root@ubuntu-xenial (RSA)
<14>Feb 16 01:21:43 ec2: -----END SSH HOST KEY FINGERPRINTS-----
<14>Feb 16 01:21:43 ec2: #############################################################
-----BEGIN SSH HOST KEY KEYS-----
ecdsa-sha2-nistp256 AAAAE2VjZHNhLXNoYTItbmlzdHAyNTYAAAAIbmlzdHAyNTYAAABBBDgKbURbSyJYRQFZOETKFq5vEZ0tsLG+J4GRMksnxdhHWkPHqCtIvvrIObEHdYbQawX2T5dO4KzYaeCKPGgDED0= root@ubuntu-xenial
ssh-ed25519 AAAAC3NzaC1lZDI1NTE5AAAAICibSQuCL/HRxVPFqyAH6hd00TMImUmipIUQmxo015bv root@ubuntu-xenial
ssh-rsa AAAAB3NzaC1yc2EAAAADAQABAAABAQC3WZb8WarI2WHeyCMyptdgY90PhgS7MS8dATZV9NA3KIMDVJpA3VerM9WrstP+xD7m6cXYz9Al6GIfMP9wnj5J6rjl2PvbRnsGrEZ+OzJrvY/JSW5ku4q9UkJgHW+lXCBVbxvwzylSH/LXLB6ShHuhf80M6jEkW78CFi3Sv+cVQrYmRJE6tSrX/HMw55mXK7r8ZUodr+/VbySYxWESrgSS55BXKHYHDvHqPI8X3Yyi9Qg8+/u1WqDAtpgx1yUfPGGeJ49YGWJTbLcseTsmbraBXvG37GIr4IIjxQsl46v8XbbZ0TmRheT/ii5rPK5YQs0aLcAK9mk15NAvpP6aY3t7 root@ubuntu-xenial
-----END SSH HOST KEY KEYS-----
[   43.111314] cloud-init[1573]: Cloud-init v. 18.4-0ubuntu1~16.04.2 running 'modules:final' at Sat, 16 Feb 2019 01:21:43 +0000. Up 42.92 seconds.
[   43.111524] cloud-init[1573]: ci-info: no authorized ssh keys fingerprints found for user ubuntu.
[   43.111705] cloud-init[1573]: Cloud-init v. 18.4-0ubuntu1~16.04.2 finished at Sat, 16 Feb 2019 01:21:43 +0000. Datasource DataSourceNoCloud [seed=/dev/sdb][dsmode=net].  Up 43.10 seconds

Ubuntu 16.04.5 LTS ubuntu2 ttyS0

ubuntu2 login: [[0;32m  OK  [0m] Stopped target Timers.
         Stopping Authenticate anA[[0;32m  OK  [0m] Stopped target Cloud-config availability.
         Stopping System Logging Service...
[[0;32m  OK  [0m] Unmounted /var/lib/lxcfs.
[[0;32m  OK  [0m] Stopped Regular background program processing daemon.
[[0;32m  OK  [0m] Stopped Deferred execution scheduler.
[[0;32m  OK  [0m] Stopped Accounts Service.
[[0;32m  OK  [0m] Stopped System Logging Service.
[[0;32m  OK  [0m] Stopped Snappy daemon.
[[0;32m  OK  [0m] Stopped ACPI event daemon.
[[0;32m  OK  [0m] Stopped Authenticate and Authorize Users to Run Privileged Tasks.
[[0;32m  OK  [0m] Stopped Getty on tty1.
[[0;32m  OK  [0m] Stopped Serial Getty on ttyS0.
[[0;32m  OK  [0m] Stopped User Manager for UID 1000.
[[0;32m  OK  [0m] Stopped Session 2 of user vagrant.
[[0;32m  OK  [0m] Stopped OpenBSD Secure Shell server.
[[0;32m  OK  [0m] Stopped Session 3 of user vagrant.
[[0;32m  OK  [0m] Stopped Unattended Upgrades Shutdown.
[[0;32m  OK  [0m] Stopped D-Bus System Message Bus.
[[0;32m  OK  [0m] Stopped FUSE filesystem for LXC.
[[0;32m  OK  [0m] Stopped LXD - container startup/shutdown.
[[0;32m  OK  [0m] Stopped LSB: daemon to balance interrupts for SMP systems.
[[0;32m  OK  [0m] Stopped LSB: Record successful boot for GRUB.
[[0;32m  OK  [0m] Stopped LSB: Set the CPU Frequency Scaling governor to "ondemand".
[[0;32m  OK  [0m] Stopped LSB: MD monitoring daemon.
[[0;32m  OK  [0m] Stopped Virtualbox guest utils.
[[0;32m  OK  [0m] Stopped LSB: automatic crash report generation.
[[0;32m  OK  [0m] Removed slice User Slice of vagrant.
         Stopping Login Service...
[[0;32m  OK  [0m] Removed slice system-serial\x2dgetty.slice.
[[0;32m  OK  [0m] Removed slice system-getty.slice.
         Stopping Permit User Sessions...
[[0;32m  OK  [0m] Stopped /etc/rc.local Compatibility.
[[0;32m  OK  [0m] Stopped Login Service.
[[0;32m  OK  [0m] Stopped Permit User Sessions.
[[0;32m  OK  [0m] Stopped target Remote File Systems.
[[0;32m  OK  [0m] Stopped target Remote File Systems (Pre).
         Stopping Login to default iSCSI targets...
[[0;32m  OK  [0m] Stopped target Basic System.
[[0;32m  OK  [0m] Stopped target Slices.
[[0;32m  OK  [0m] Stopped target Sockets.
[[0;32m  OK  [0m] Closed Socket activation for snappy daemon.
[[0;32m  OK  [0m] Closed LXD - unix socket.
[[0;32m  OK  [0m] Closed Syslog Socket.
[[0;32m  OK  [0m] Closed ACPID Listen Socket.
[[0;32m  OK  [0m] Closed UUID daemon activation socket.
[[0;32m  OK  [0m] Stopped target Paths.
[[0;32m  OK  [0m] Stopped Dispatch Password Requests to Console Directory Watch.
[[0;32m  OK  [0m] Stopped ACPI Events Check.
[[0;32m  OK  [0m] Stopped Forward Password Requests to Wall Directory Watch.
[[0;32m  OK  [0m] Removed slice User and Session Slice.
[[0;32m  OK  [0m] Stopped target User and Group Name Lookups.
[[0;32m  OK  [0m] Closed D-Bus System Message Bus Socket.
[[0;32m  OK  [0m] Stopped target System Initialization.
[[0;32m  OK  [0m] Stopped Commit a transient machine-id on disk.
[[0;32m  OK  [0m] Stopped target Swap.
         Stopping Load/Save Random Seed...
[[0;32m  OK  [0m] Stopped Create Volatile Files and Directories.
[[0;32m  OK  [0m] Stopped target Encrypted Volumes.
[[0;32m  OK  [0m] Stopped Load/Save Random Seed.
[[0;32m  OK  [0m] Stopped Login to default iSCSI targets.
         Stopping iSCSI initiator daemon (iscsid)...
[[0;32m  OK  [0m] Stopped iSCSI initiator daemon (iscsid).
[[0;32m  OK  [0m] Stopped target Network is Online.
[[0;32m  OK  [0m] Stopped Initial cloud-init job (metadata service crawler).
[[0;32m  OK  [0m] Stopped target Network.
         Stopping Raise network interfaces...
[[0;32m  OK  [0m] Stopped Raise network interfaces.
[[0;32m  OK  [0m] Stopped Apply Kernel Variables.
[[0;32m  OK  [0m] Stopped target Local File Systems.
         Unmounting /run/user/1000...
         Unmounting /vagrant...
[[0;32m  OK  [0m] Stopped Load Kernel Modules.
[[0;32m  OK  [0m] Stopped target Network (Pre).
[[0;32m  OK  [0m] Stopped Initial cloud-init job (pre-networking).
[[0;32m  OK  [0m] Unmounted /run/user/1000.
[[0;32m  OK  [0m] Unmounted /vagrant.
[[0;32m  OK  [0m] Reached target Unmount All Filesystems.
[[0;32m  OK  [0m] Stopped target Local File Systems (Pre).
[[0;32m  OK  [0m] Stopped Remount Root and Kernel File Systems.
[[0;32m  OK  [0m] Stopped Create Static Device Nodes in /dev.
[[0;32m  OK  [0m] Reached target Shutdown.
[ 9795.212771] reboot: Restarting system
[   0.00000 Iitializing cgroususys cpuset
[  00000] nitializing cgroup subsys cpu
[    0.000000] Initializing cgroup subsys cpuacct
[    0.000000] Linux version 4.4.0-142-generic (buildd@lgw01-amd64-033) (gcc version 5.4.0 20160609 (Ubuntu 5.4.0-6ubuntu1~16.04.10) ) #168-Ubuntu SMP Wed Jan 16 21:00:45 UTC 2019 (Ubuntu 4.4.0-142.168-generic 4.4.167)
[    0.000000] Command line: BOOT_IMAGE=/boot/vmlinuz-4.4.0-142-generic root=LABEL=cloudimg-rootfs ro console=tty1 console=ttyS0
[    0.000000] KERNEL supported cpus:
[    0.000000]   tel nuneIntel
[    0.000000]   AMD AuthenticAMD
[    0.000000]   Centaur CentaurHauls
[    0.000000] x86/fpu: xstate_offset[2]:  576, xstate_sizes[2]:  256
[    0.000000] x86/fpu: Supporting XSAVE feature 0x01: 'x87 floating point registers'
[    0.000000] x86/fpu: Supporting XSAVE feature 0x02: 'SSE registers'
[    0.000000] x86/fpu: Supporting XSAVE feature 0x04: 'AVX registers'
[  0.00000] x86/fpu: Enabled xstate features 0x7, context size is 832 bytes, using 'standard' format.
[  0000000] e820: BIOS-provided physical RAM map:
[  0.0000] BIS-e8: [mem 0x0000000000000000-0x000000000009fbff] usable
[    0.000000] BIOS-e820: [mem 0x000000000009fc00-0x000000000009ffff] reserved
[    0.000000] BIOS-e820: [mem 0x00000000000f0000-0x00000000000fffff] reserved
[    0.000000] BIOS-e820: [mem 0x0000000000100000-0x000000001ffeffff] usable
[    0.000000] BIOS-e820: [mem 0x000000001fff0000-0x000000001fffffff] ACPI data
[    0.000000] BIOS-e820: [mem 0x00000000fec00000-0x00000000fec00fff] reserved
[    0.000000] BIOS-e82: [m 0000000fe000-0000000fe00f]reserved
[    0.000] BIOS-e820: [mem 0x00000000fc000-0x00000fffff] seved
[    0.0000]NX Execute Disable) protection: active
[    0.000000] SMBIOS 2.5 present.
[    0.000000] Hypervisor detected: KVM
[    00000 e20: last_pfn = 0x1fff0 max_arch_pfn = 0x400000000
[    0.000000] MTRR: Disabled
[    0.000000] x86/PAT: MTRRs disabled, skipping PAT initialization too.
[    0.000000] CPU MTRRs all blank - virtualized system.
[    0.000000] x86/PAT: Configuration [0-7]: WB  WT  UC- UC  WB  WT  UC- UC  
[    00000]oud SMMPtablat[mm 009f0-x0009ffff] mapped at [ffff88000009fff0]
[    0.000000] Scanning 1 areas for low memory corruption
[    0.000000] RAMDISK: [mem 0x1e8b6000-0x1f728fff]
[    0.000000] ACPI: Early table checksum verification dibld
[  0.000000] ACPI: RSDP 0x00000000000E0000 000024 (v02 VBOX  )
[    0.000000] ACPI: XSDT 0x000000001FFF0030 00003C (v01 VBOX   VBOXXSDT 00000001 AS  00000061)
[  0000000]CP: FACP 0x000000001FFF00F0 0000F4 (v04 VBOX   VBOXFACP 00000001 ASL  00000061)
[    0.000000] ACPI: DSDT 0x000000001FFF0470 0021FF (v02 VBOX   VBOXBIOS 00000002 INTL 20100528)
[    0.000000] ACPI: FACS 0x000000001FFF0200 000040
[    0.000000] ACPI: FACS 0x000000001FFF0200 000040
[    0.000000] ACPI: AC 0x000000001FFF0240 00005C (v02 VBOX   VBOXAPIC 00000001 ASL  00000061)
[    0.000000] ACPI: SSDT 0x000000001FFF02A0 0001CC (v01 VBOX   VBOXCPUT 00000002 INTL 200052
[    0.000000] No NUMA configuration found
[    0.000000] Faking a node at [mem 0x000000000000-0x000001ffeffff]
[    0.000000] NODE_DATA(0) allocated [mem 0x1ffeb000-0x1ffeffff]
[    0.000000] kvm-clock: Using msrs 4b564d01 and 4b564d00
[    0.000000] kvm-clock: cpu 0, msr 0:1ffe3001, primary cpu clock
[    0.000000] kvm-clock: using sched offset of 9802656331456 cycles
[    0.000000] clocksource: kvm-clock: mask: 0xffffffffffffffff max_cycles: 0x1cd42e4dffb, max_idle_ns: 881590591483 ns
[    0.000000] Zone ranges:
[    0.000000]   DMA      [mem 0x0000000000001000-0x0000000000ffffff]
[    0.000000]   DMA32    [mem 0x0000000001000000-0x000000001ffeffff]
[    0.000000]   Normal   empty
[    0.000000]   Device   empty
[    0.000000] Movable zone start for each node
[    0.000000] Early memoryode ngs
[   0.000000]   node   0: [mem 0x0000000000010-00000000009efff]
[    0.000000]   node   0: [mem 0x0000000000100000-0x000000001ffeffff]
[    0.000000] Initmem setup node 0 [mem 0x0000000000001000-0x000000001ffeffff]
[    0.000000] ACPI: PM-Timer IO Port: 0x4008
[    0.000000] IOAPIC[0]: apic_id 2, version 32, address 0xfec00000, GSI 0-23
[    0.000000] ACPI: INT_SRC_OVR (bus 0 bus_irq 0 global_irq 2 dfl dfl)
[    0.000000] ACPI: INT_SRC_OVR (bus 0 bus_irq 9 global_irq 9 low level)
[    0.000000] Using ACPI (MADT) fo SMcofigutin infmaion    00000]mpoot:llwing CUs, hoplugPUs
[   .00000]M:Regierd nav memory: [mem 0x00000000-0x00000fff]
[    0.000000] PM: Registered nosave memory: [mem 0x0009f000-0x0009ffff]
[    0.000000] PM: Registered nosave memory: [mem 0x000a0000-0x000effff]
[    0.000000] PM: Registered nosave memory: [mem 0x000f0000-0x000fffff]
[    0.000000] e820: [mem 0x20000000-0xfebfffff] available for PCI devices
[    0.000000] Booting paravirtualized kernel on KVM
[    0.000000] clocksource: refined-jiffies: mask: 0xffffffff max_cycles: 0xffffffff, max_idle_ns: 7645519600211568 ns
[    0.000000] setup_percpu: NR_CPUS:512 nr_cpumask_bits:512nr_u_ds:2 nr_ne_ds:1    0.000000] PERCPU: Embedded 34 pages/cpufff880010000 s99480 r8192 d31592 u1048576
[    0.000000] Built 1 zonelists inod order, biity ouingn. Totapaes: 128888[   .00000Poicy ne DM2
[  0.000000] Keelcomnd ine: BT_MAGEbot/vmnu-4.4-12-geri ro=LBEL=cloim-rootfs ro console=tty1 console=ttyS0
[    0.000000] PID hash table entries: 2048 (order: 2, 16384 bytes)
[    0.000000] Memory: 481656K/523832K available (8603K kernel code, 1332K rwdata, 4004K rodata, 1484K init, 16 bss4276K seved, 0K cma-reserv)
[  .0000 SLU Halign=64, Order=0-3, MinObjec=0 CPU2,Node1
[    0.000000] Kernel/User page tables isolation: enabled
[   0.000] Hrachical RCU implementation.
[  0.000000] 	Build-time adjustment of leaf fanouto 4.
[  00000] RCU sticti CUs fm R_CPUS=5 t nr_u_ids=2.
    0.000000] RCU: Adjusting geometry for rcu_fanout_leaf=64, nr_cpu_ids=2
[    0.000000] NR_IRQS:33024 nr_irqs:440 16
[    0.000000] Console: colour VGA+ 80x25
[    0.000000] console [tty1] enabled
[    0.000000] console [ttyS0] enabled
[    0.000000] tsc: Detected 1896.000 MHz processor
[    5.820378] Calibrating delay loop (skipped) preset value.. 3792.00 BogoMIPS (lpj=7584000)
[  5.82441] pid_max: default: 32768 minimum: 301
[    5.976305] ACPI: Core revision 20150930
[    6.064628] ACPI: 2 ACPI AML tables successfully acquired and loaded
[    6.066225] Security Framework initialized
[    6.067259] Yama: becoming mindful.
[    6.068237] AppArmor: AppArmor initialized
[    6.175389] Dentry cache hash table entries: 65536 (order: 7, 524288 bytes)
[    6.221073] Inode-cache hash table entries: 32768 (order: 6, 262144 bytes)
[    6.311140] Mount-cache hash table entries: 1024 (order: 1, 8192 bytes)
[    6.338164] Mountpoint-cache hash table entries: 1024 (order: 1, 8192 bytes)
[    6.339880] Initializing cgroup subsys io
[    6.340923] Initializing cgroup subsys memory
[    6.414462] Initializing cgroup subsys devices
[    6.495874] Initializing cgroup subsys freezer
[    6.503773] Initializing cgroup subsys net_cls
[    6.504856] Initializing cgroup subsys perf_event
[    6.532593] Initializing cgroup subsys net_prio
[    6.615524] Initializing cgroup subsys hugetlb
[    6.663717] Initializing cgroup subsys pids
[    6.666469] mce: CPU supports 0 MCE banks
[    6.742463] Last level iTLB entries: 4KB 64, 2MB 8, 4MB 8
[    6.879263] Last level dTLB entries: 4KB 64, 2MB 0, 4MB 0, 1GB 4
[    6.894639] Spectre V2 : Mitigation: Full generic retpoline
[    6.895907] Spectre V2 : Spectre v2 / SpectreRSB mitigation: Filling RSB on context switch
[    6.925235] Speculative Store Bypass: Vulnerable
[    7.057648] Freeing SMP alternatives memory: 32K
[    7.090458] ftrace: allocating 32277 entries in 127 pages
[    7.173788] smpboot: APIC(0) Converting physical 0 to logical package 0
[    7.339808] smpboot: Max logical packages: 1
[    7.421072] x2apic enabled
[    7.511738] Switched APIC routing to physical x2apic.
[    7.555564] ..TIMER: vector=0x30 apic1=0 pin1=2 apic2=-1 pin2=-1
[    7.663231] smpboot: CPU0: Intel(R) Core(TM) i5-8350U CPU @ 1.70GHz (family: 0x6, model: 0x8e, stepping: 0xa)
[    7.886111] Performance Events: unsupported p6 CPU model 142 no PMU driver, software events only.
[    7.958069] KVM setup paravirtual spinlock
[    7.973306] x86: Booting SMP configuration:
[    8.031918] .... node  #0, CPUs:      #1
[    8.080355] kvm-clock: cpu 1, msr 0:1ffe3041, secondary cpu clock
[    8.136832] mce: CPU supports 0 MCE banks
[    8.139640] x86: Booted up 1 node, 2 CPUs
[    8.190942] smpboot: Total of 2 processors activated (7584.00 BogoMIPS)
[    8.252969] devtmpfs: initialized
[    8.269084] evm: security.selinux
[    8.310958] evm: security.SMACK64
[    8.377237] evm: security.SMACK64EXEC
[    8.394113] evm: security.SMACK64TRANSMUTE
[    8.408576] evm: security.SMACK64MMAP
[    8.482536] evm: security.ima
[    8.545082] evm: security.capability
[    8.570669] clocksource: jiffies: mask: 0xffffffff max_cycles: 0xffffffff, max_idle_ns: 7645041785100000 ns
[    8.697717] futex hash table entries: 512 (order: 3, 32768 bytes)
[    8.810891] pinctrl core: initialized pinctrl subsystem
[    8.864491] RTC time:  4:04:15, date: 02/16/19
[    8.884903] NET: Registered protocol family 16
[    8.975932] cpuidle: using governor ladder
[    9.014989] cpuidle: using governor menu
[    9.049908] PCCT header not found.
[    9.069151] ACPI: bus type PCI registered
[    9.102545] acpiphp: ACPI Hot Plug PCI Controller Driver version: 0.5
[    9.150517] PCI: Using configuration type 1 for base access
[    9.176180] ACPI: Added _OSI(Module Device)
[    9.193293] ACPI: Added _OSI(Processor Device)
[    9.201417] ACPI: Added _OSI(3.0 _SCP Extensions)
[    9.295566] ACPI: Added _OSI(Processor Aggregator Device)
[    9.363726] ACPI: Executed 1 blocks of module-level executable AML code
[    9.458073] ACPI: Interpreter enabled
[    9.501590] ACPI: (supports S0 S5)
[    9.502495] ACPI: Using IOAPIC for interrupt routing
[    9.561583] PCI: Using host bridge windows from ACPI; if necessary, use "pci=nocrs" and report a bug
[    9.593000] ACPI: PCI Root Bridge [PCI0] (domain 0000 [bus 00-ff])
[    9.640217] acpi PNP0A03:00: _OSC: OS supports [ASPM ClockPM Segments MSI]
[    9.670440] acpi PNP0A03:00: _OSC: not requesting OS control; OS requires [ExtendedConfig ASPM ClockPM MSI]
[    9.791845] acpi PNP0A03:00: fail to add MMCONFIG information, can't access extended PCI configuration space under this bridge.
[    9.847088] PCI host bridge to bus 0000:00
[    9.854455] pci_bus 0000:00: root bus resource [io  0x0000-0x0cf7 window]
[    9.881066] pci_bus 0000:00: root bus resource [io  0x0d00-0xffff window]
[    9.947627] pci_bus 0000:00: root bus resource [mem 0x000a0000-0x000bffff window]
[   10.036133] pci_bus 0000:00: root bus resource [mem 0x20000000-0xfdffffff window]
[   10.116893] pci_bus 0000:00: root bus resource [bus 00-ff]
[   10.158102] pci 0000:00:01.1: legacy IDE quirk: reg 0x10: [io  0x01f0-0x01f7]
[   10.218953] pci 0000:00:01.1: legacy IDE quirk: reg 0x14: [io  0x03f6]
[   10.260627] pci 0000:00:01.1: legacy IDE quirk: reg 0x18: [io  0x0170-0x0177]
[   10.318855] pci 0000:00:01.1: legacy IDE quirk: reg 0x1c: [io  0x0376]
[   10.347964] pci 0000:00:07.0: quirk: [io  0x4000-0x403f] claimed by PIIX4 ACPI
[   10.454481] pci 0000:00:07.0: quirk: [io  0x4100-0x410f] claimed by PIIX4 SMB
[   10.490915] ACPI: PCI Interrupt Link [LNKA] (IRQs 5 9 10 *11)
[   10.594760] ACPI: PCI Interrupt Link [LNKB] (IRQs 5 9 *10 11)
[   10.616678] ACPI: PCI Interrupt Link [LNKC] (IRQs 5 *9 10 11)
[   10.654313] ACPI: PCI Interrupt Link [LNKD] (IRQs 5 9 10 *11)
[   10.702378] ACPI: Enabled 2 GPEs in block 00 to 07
[   10.742556] vgaarb: setting as boot device: PCI:0000:00:02.0
[   10.794877] vgaarb: device added: PCI:0000:00:02.0,decodes=io+mem,owns=io+mem,locks=none
[   10.853949] vgaarb: loaded
[   10.894560] vgaarb: bridge control possible 0000:00:02.0
[   10.997321] SCSI subsystem initialized
[   11.045815] ACPI: bus type USB registered
[   11.053043] usbcore: registered new interface driver usbfs
[   11.116912] usbcore: registered new interface driver hub
[   11.187349] usbcore: registered new device driver usb
[   11.188826] PCI: Using ACPI for IRQ routing
[   11.202267] NetLabel: Initializing
[   11.245721] NetLabel:  domain hash size = 128
[   11.253516] NetLabel:  protocols = UNLABELED CIPSOv4
[   11.280153] NetLabel:  unlabeled traffic allowed by default
[   11.356598] amd_nb: Cannot enumerate AMD northbridges
[   11.438987] clocksource: Switched to clocksource kvm-clock
[   .446457] AppArmor: AppArmor FilesysteEnabled
[ 11.5543pn P AI it[   11.942764] pnp: PnP ACPI: found 3 devices

[   11.978112] clocksource: acpi_pm: mask: 0xffffff max_cycles: 0xffffff, max_idle_ns: 2085701024 ns
[   11.980345] NET: Registered protocol family 2
[   11.981580] TCP established hash table entries: 4096 (order: 3, 32768 bytes)
[   11.983096] TCP bind hash table entries: 4096 (order: 4, 65536 bytes)  2.85] P:Ha tabs nfur (taisd 96in40)  2.87] P sh table entries: 256 (order: 1, 8192 bytes)
[   13.189609] UDP-Lite hash table entries: 256 (order: 1, 8192 bytes)
[   13.191060] NET: Registered protocol family 1
[   13.192181] pci 0000:00:00.0: Limiting direct PCI/PCI transfers
[   13.193732] pci 0000:00:01.0: Activating ISA DMA hang workarounds
[ 139591] paing itmf..

[   13.778422] Freeing initrd memory: 14796K
[   13.829524] platform rtc_cmos: registered platform RTC device (no PNP device found)
[   14.004949] Scanning for low memory corruption every 60 seconds
[   14.047913] audit: initializing netlink subsys (disabled)
[   14.049208] audit: type=2000 audit(1550299654.582:1): initialized
[   14.050841] Initialise system trusted keyring
[   14.052173] HugeTLB registered 2 MB page size, pre-allocated 0 pages
[   14.061051] zbud: loaded
[   14.092034] VFS: Disk quotas dquot_6.6.0
[   14.113702] VFS: Dquot-cache hash table entries: 512 (order 0, 4096 bytes)
[   14.115438] squashfs: version 4.0 (2009/01/31) Phillip Lougher
[   14.132019] fuse init (API version 7.23)
[   14.133108] Key type big_key registered
[   14.134058] Allocating IMA MOK and blacklist keyrings.
[   14.137400] Key type asymmetric registered
[   14.138443] Asymmetric key parser 'x509' registered
[   14.139722] Block layer SCSI generic (bsg) driver version 0.4 loaded (major 249)
[   14.141709] io scheduler noop registered
[   14.142997] io scheduler deadline registered (default)
[   14.144766] io scheduler cfq registered
[   14.145883] pci_hotplug: PCI Hot Plug PCI Core version: 0.5
[   14.147139] pciehp: PCI Express Hot Plug Controller Driver version: 0.4
[   14.148704] ACPI: AC Adapter [AC] (on-line)
[   14.212276] input: Power Button as /devices/LNXSYSTM:00/LNXPWRBN:00/input/input0
[   14.220759] ACPI: Power Button [PWRF]
[   14.221782] input: Sleep Button as /devices/LNXSYSTM:00/LNXSLPBN:00/input/input1
[   14.223574] ACPI: Sleep Button [SLPF]
[   14.224851] GHES: HEST is not enabled!
[   14.241900] ACPI: Battery Slot [BAT0] (battery present)
[ 14251318] Sial: 8250/16550 driver, 32 ports, IRQ sharing enabled
[ 14148]0:: ySat/O 0x8 (irq = 4, base_baud = 1200) is a 16550A
[ 1427380tsc: Refined TSC clocksource calibration: 1896.541 MHz
[   14.827383] clocksource: tsc: mask: 0xffffffffffffffff max_cycles: 0xac5e55 m_ie_ns:810872ns
[   15.594088] Linux agpgart interface v0.103
[   15.647447] loop: module loaded
[   15.726292] scsi host0: ata_piix
[   15.818557] scsi host1: ata_piix
[   15.876280] ata1: PATA max UDMA/33 cmd 0x1f0 ctl 0x3f6 bmdma 0xd000 irq 14
[   15.962704] ata2: PATA max UDMA/33 cmd 0x170 ctl 0x376 bmdma 0xd008 irq 15
[   15.972811] libphy: Fixed MDIO Bus: probed
[   15.974044] tun: Universal TUN/TAP device driver, 1.6
[   15.975351] tun: (C) 1999-2004 Max Krasnyansky <maxk@qualcomm.com>
[   15.997483] PPP generic driver version 2.4.2
[   15.998604] ehci_hcd: USB 2.0 'Enhanced' Host Controller (EHCI) Driver
[   16.013085] ehci-pci: EHCI PCI platform driver
[   16.040413] ehci-platform: EHCI generic platform driver
[   16.108782] ohci_hcd: USB 1.1 'Open' Host Controller (OHCI) Driver
[   16.130062] ohci-pci: OHCI PCI platform driver
[   16.131127] ohci-platform: OHCI generic platform driver
[   16.132329] uhci_hcd: USB Universal Host Controller Interface driver
[   16.133766] i8042: PNP: PS/2 Controller [PNP0303:PS2K,PNP0f03:PS2M] at 0x60,0x64 irq 1,12
[   16.136303] serio: i8042 KBD port at 0x60,0x64 irq 1
[   16.140019] serio: i8042 AUX port at 0x60,0x64 irq 12
[   16.141266] mousedev: PS/2 mouse device common for all mice
[   16.149819] rtc_cmos rtc_cmos: rtc core: registered rtc_cmos as rtc0
[   16.158171] rtc_cmos rtc_cmos: alarms up to one day, 114 bytes nvram
[   16.212413] i2c /dev entries driver
[   16.277145] input: AT Translated Set 2 keyboard as /devices/platform/i8042/serio0/input/input2
[   16.300796] device-mapper: uevent: version 1.0.3
[   16.301929] device-mapper: ioctl: 4.34.0-ioctl (2015-10-28) initialised: dm-devel@redhat.com
[   16.303922] ledtrig-cpu: registered to indicate activity on CPUs
[   16.306108] NET: Registered protocol family 10
[   16.313047] NET: Registered protocol family 17
[   16.334963] Key type dns_resolver registered
[   16.336325] registered taskstats version 1
[   16.337451] Loading compiled-in X.509 certificates
[   16.339098] Loaded X.509 cert 'Build time autogenerated kernel key: bff73e56bc0efa7435b2a24f5427674623f1be80'
[   16.341418] zswap: loaded using pool lzo/zbud
[   16.347410] Key type trusted registered
[   16.419897] Key type encrypted registered
[   16.509354] AppArmor: AppArmor sha1 policy hashing enabled
[   16.638068] ima: No TPM chip found, activating TPM-bypass!
[   16.667484] ima: Allocated hash algorithm: sha1
[   16.682466] evm: HMAC attrs: 0x1
[   16.683850]   Magic number: 7:112:60
[   16.684879] rtc_cmos rtc_cmos: setting system clock to 2019-02-16 04:04:23 UTC (1550289863)
[   16.701023] BIOS EDD facility v0.16 2004-Jun-25, 0 devices found
[   16.702345] EDD information not available.
[   16.704519] Freeing unused kernel memory: 1484K
[   16.715849] Write protecting the kernel read-only data: 14336k
[   16.732326] Freeing unused kernel memory: 1624K
[   16.845415] Freeing unused kernel memory: 92K
Loading, please wait...
starting version 229
[   16.873651] random: systemd-udevd: uninitialized urandom read (16 bytes read, 5 bits of entropy available)
[   16.874254] random: udevadm: uninitialized urandom read (16 bytes read, 5 bits of entropy available)
[   16.874269] random: udevadm: uninitialized urandom read (16 bytes read, 5 bits of entropy available)
[   16.883089] random: udevadm: uninitialized urandom read (16 bytes read, 5 bits of entropy available)
[   16.883126] random: udevadm: uninitialized urandom read (16 bytes read, 5 bits of entropy available)
[   16.883252] random: udevadm: uninitialized urandom read (16 bytes read, 5 bits of entropy available)
[   16.883296] random: udevadm: uninitialized urandom read (16 bytes read, 5 bits of entropy available)
[   16.883340] random: udevadm: uninitialized urandom read (16 bytes read, 5 bits of entropy available)
[   16.883387] random: udevadm: uninitialized urandom read (16 bytes read, 5 bits of entropy available)
[   16.883429] random: udevadm: uninitialized urandom read (16 bytes read, 5 bits of entropy available)
[   17.215842] e1000: Intel(R) PRO/1000 Network Driver - version 7.3.21-k8-NAPI
[   17.308752] e1000: Copyright (c) 1999-2006 Intel Corporation.
[   17.439792] Fusion MPT base driver 3.04.20
[   17.453629] Copyright (c) 1999-2008 LSI Corporation
[   17.489719] AVX2 version of gcm_enc/dec engaged.
[   17.533595] Fusion MPT SPI Host driver 3.04.20
[   17.534196] mptbase: ioc0: Initiating bringup
[   17.794605] AES CTR mode by8 optimization enabled
[   17.836487] input: ImExPS/2 Generic Explorer Mouse as /devices/platform/i8042/serio1/input/input4
[   17.871511] ioc0: LSI53C1030 A0: Capabilities={Initiator}
[   18.818552] scsi host2: ioc0: LSI53C1030 A0, FwRev=00000000h, Ports=1, MaxQ=256, IRQ=20
[   19.835224] scsi 2:0:0:0: Direct-Access     VBOX     HARDDISK         1.0  PQ: 0 ANSI: 5
[   20.005925] scsi target2:0:0: Beginning Domain Validation
[   20.154552] scsi target2:0:0: Domain Validation skipping write tests
[   20.273636] scsi target2:0:0: Ending Domain Validation
[   20.312119] scsi target2:0:0: asynchronous
[   20.334733] scsi 2:0:1:0: Direct-Access     VBOX     HARDDISK         1.0  PQ: 0 ANSI: 5
[   20.347535] scsi target2:0:1: Beginning Domain Validation
[   20.427138] scsi target2:0:1: Domain Validation skipping write tests
[   20.444820] scsi target2:0:1: Ending Domain Validation
[   20.480645] scsi target2:0:1: asynchronous
[   20.489793] sd 2:0:0:0: Attached scsi generic sg0 type 0
[   20.503464] sd 2:0:0:0: [sda] 20971520 512-byte logical blocks: (10.7 GB/10.0 GiB)
[   20.568396] sd 2:0:1:0: Attached scsi generic sg1 type 0
[   20.570052] sd 2:0:1:0: [sdb] 20480 512-byte logical blocks: (10.5 MB/10.0 MiB)
[   20.583445] e1000 0000:00:03.0 eth0: (PCI:33MHz:32-bit) 02:a9:46:80:4d:77
[   20.583450] e1000 0000:00:03.0 eth0: Intel(R) PRO/1000 Network Connection
[   20.673530] sd 2:0:0:0: [sda] Write Protect is off
[   20.707869] sd 2:0:1:0: [sdb] Write Protect is off
[   20.767044] sd 2:0:0:0: [sda] Incomplete mode parameter data
[   20.768322] sd 2:0:0:0: [sda] Assuming drive cache: write through
[   20.770011] sd 2:0:1:0: [sdb] Incomplete mode parameter data
[   20.797836] sd 2:0:1:0: [sdb] Assuming drive cache: write through
[   20.800102]  sda: sda1
[   20.813383] sd 2:0:0:0: [sda] Attached SCSI disk
[   20.868449] sd 2:0:1:0: [sdb] Attached SCSI disk
[   21.006849] e1000 0000:00:08.0 eth1: (PCI:33MHz:32-bit) 08:00:27:df:46:83
[   21.055662] e1000 0000:00:08.0 eth1: Intel(R) PRO/1000 Network Connection
[   21.064230] e1000 0000:00:08.0 enp0s8: renamed from eth1
[   21.080327] e1000 0000:00:03.0 enp0s3: renamed from eth0
Begin: Loading essential drivers ... [   22.630749] md: linear personality registered for level -1
[   22.641771] md: multipath personality registered for level -4
[   22.699638] md: raid0 personality registered for level 0
[   22.717940] md: raid1 personality registered for level 1
[   22.815660] raid6: sse2x1   gen() 11657 MB/s
[   22.999212] raid6: sse2x1   xor()  8015 MB/s
[   23.119245] raid6: sse2x2   gen() 12509 MB/s
[   23.239326] raid6: sse2x2   xor() 10326 MB/s
[   23.379850] raid6: sse2x4   gen() 16614 MB/s
[   23.471574] raid6: sse2x4   xor() 11255 MB/s
[   23.538998] raid6: avx2x1   gen() 23867 MB/s
[   23.639417] raid6: avx2x2   gen() 25339 MB/s
[   23.731194] raid6: avx2x4   gen() 29604 MB/s
[   23.758772] raid6: using algorithm avx2x4 gen() 29604 MB/s
[   23.814199] raid6: using avx2x2 recovery algorithm
[   23.816730] xor: automatically using best checksumming function:
[   23.859040]    avx       : 24681.000 MB/sec
[   23.940526] async_tx: api initialized (async)
[   23.950568] md: raid6 personality registered for level 6
[   24.025018] md: raid5 personality registered for level 5
[   24.086015] md: raid4 personality registered for level 4
[   24.170202] md: raid10 personality registered for level 10
done.
Begin: Running /scripts/init-premount ... done[   24.283047] Btrfs loaded
.
Begin: Mounting root file system ... Begin: Running /scripts/local-top ... done.
Begin: Running /scripts/local-premount ... Scanning for Btrfs filesystems
done.
Warning: fsck no[   24.369272] EXT4-fs (sda1): mounted filesystem with ordered data mode. Opts: (null)
t present, so skipping root file system
done.
Begin: Running /scripts/local-bottom ... done.
Begin: Running /scripts/init-bottom ... done.
[   24.551615] systemd[1]: systemd 229 running in system mode. (+PAM +AUDIT +SELINUX +IMA +APPARMOR +SMACK +SYSVINIT +UTMP +LIBCRYPTSETUP +GCRYPT +GNUTLS +ACL +XZ -LZ4 +SECCOMP +BLKID +ELFUTILS +KMOD -IDN)
[   24.692744] systemd[1]: Detected virtualization oracle.
[   24.693971] systemd[1]: Detected architecture x86-64.

Welcome to [1mUbuntu 16.04.5 LTS[0m!

[   24.698575] systemd[1]: Set hostname to <ubuntu2>.
[   24.821917] systemd[1]: Listening on Journal Audit Socket.
[[0;32m  OK  [0m] Listening on Journal Audit Socket.
[   24.872100] systemd[1]: Listening on udev Control Socket.
[[0;32m  OK  [0m] Listening on udev Control Socket.
[   24.980180] systemd[1]: Reached target System Time Synchronized.
[[0;32m  OK  [0m] Reached target System Time Synchronized.
[   25.024684] systemd[1]: Listening on Syslog Socket.
[[0;32m  OK  [0m] Listening on Syslog Socket.
[   25.116215] systemd[1]: Created slice User and Session Slice.
[[0;32m  OK  [0m] Created slice User and Session Slice.
[   25.180027] systemd[1]: Created slice System Slice.
[[0;32m  OK  [0m] Created slice System Slice.
[   25.245103] systemd[1]: Reached target User and Group Name Lookups.
[[0;32m  OK  [0m] Reached target User and Group Name Lookups.
[   25.254014] systemd[1]: Reached target Swap.
[[0;32m  OK  [0m] Reached target Swap.
[   25.288074] systemd[1]: Listening on Journal Socket (/dev/log).
[[0;32m  OK  [0m] Listening on Journal Socket (/dev/log).
[   25.487786] systemd[1]: Listening on LVM2 poll daemon socket.
[[0;32m  OK  [0m] Listening on LVM2 poll daemon socket.
[   25.716413] systemd[1]: Listening on /dev/initctl Compatibility Named Pipe.
[[0;32m  OK  [0m] Listening on /dev/initctl Compatibility Named Pipe.
[   25.911431] systemd[1]: Reached target Encrypted Volumes.
[[0;32m  OK  [0m] Reached target Encrypted Volumes.
[   26.027779] systemd[1]: Listening on LVM2 metadata daemon socket.
[[0;32m  OK  [0m] Listening on LVM2 metadata daemon socket.
[   26.096219] systemd[1]: Started Trigger resolvconf update for networkd DNS.
[[0;32m  OK  [0m] Started Trigger resolvconf update for networkd DNS.
[   26.419672] systemd[1]: Created slice system-serial\x2dgetty.slice.
[[0;32m  OK  [0m] Created slice system-serial\x2dgetty.slice.
[   26.527936] systemd[1]: Listening on Device-mapper event daemon FIFOs.
[[0;32m  OK  [0m] Listening on Device-mapper event daemon FIFOs.
[   26.719999] systemd[1]: Listening on udev Kernel Socket.
[[0;32m  OK  [0m] Listening on udev Kernel Socket.
[   26.924152] systemd[1]: Listening on Journal Socket.
[[0;32m  OK  [0m] Listening on Journal Socket.
[   26.995922] systemd[1]: Mounting Huge Pages File System...
         Mounting Huge Pages File System...
[   27.147440] systemd[1]: Starting Monitoring of LVM2 mirrors, snapshots etc. using dmeventd or progress polling...
[   27.147972] random: nonblocking pool is initialized
         Starting Monitoring of LVM2 mirrors... dmeventd or progress polling...
[   27.343279] systemd[1]: Mounting POSIX Message Queue File System...
         Mounting POSIX Message Queue File System...
[   27.354198] systemd[1]: Mounting Debug File System...
         Mounting Debug File System...
[   27.423607] systemd[1]: Starting Load Kernel Modules...
[   27.437269] Loading iSCSI transport class v2.0-870.
         Startin[   27.445005] iscsi: registered transport (tcp)
g Load Kernel Modules...
[   27.549887] iscsi: registered transport (iser)
[   28.479679] systemd[1]: Starting Nameserver information manager...
         Starting Nameserver information manager...
[   28.624177] systemd[1]: Started Forward Password Requests to Wall Directory Watch.
[[0;32m  OK  [0m] Started Forward Password Requests to Wall Directory Watch.
[   28.835455] systemd[1]: Starting Journal Service...
         Starting Journal Service...
[   28.903555] systemd[1]: Reached target Slices.
[[0;32m  OK  [0m] Reached target Slices.
[   28.983660] systemd[1]: Starting Create list of required static device nodes for the current kernel...
         Starting Create list of required st... nodes for the current kernel...
[   29.099891] systemd[1]: Starting Uncomplicated firewall...
         Starting Uncomplicated firewall...
[   29.195351] systemd[1]: Starting Remount Root and Kernel File Systems...
[   29.198247] EXT4-fs (sda1): re-mounted. Opts: (null)
         Starting Remount Root and Kernel File Systems...
[   29.431794] systemd[1]: Starting Set console keymap...
         Starting Set console keymap...
[   29.572263] systemd[1]: Set up automount Arbitrary Executable File Formats File System Automount Point.
[[0;32m  OK  [0m] Set up automount Arbitrary Executab...ats File System Automount Point.
[   29.652119] systemd[1]: Mounted Huge Pages File System.
[[0;32m  OK  [0m] Mounted Huge Pages File System.
[   29.735958] systemd[1]: Mounted Debug File System.
[[0;32m  OK  [0m] Mounted Debug File System.
[   29.883454] systemd[1]: Mounted POSIX Message Queue File System.
[[0;32m  OK  [0m] Mounted POSIX Message Queue File System.
[   30.095321] systemd[1]: Started Journal Service.
[[0;32m  OK  [0m] Started Journal Service.
[[0;32m  OK  [0m] Started Load Kernel Modules.
[[0;32m  OK  [0m] Started Create list of required sta...ce nodes for the current kernel.
[[0;32m  OK  [0m] Started Uncomplicated firewall.
[[0;32m  OK  [0m] Started Remount Root and Kernel File Systems.
[[0;32m  OK  [0m] Started Set console keymap.
[[0;32m  OK  [0m] Started Nameserver information manager.
[[0;32m  OK  [0m] Started LVM2 metadata daemon.
         Starting udev Coldplug all Devices...
         Starting Load/Save Random Seed...
         Starting Create Static Device Nodes in /dev...
         Starting Apply Kernel Variables...
         Mounting FUSE Control File System...
         Starting Flush Journal to Persistent Storage...
[[0;32m  OK  [0m] Mounted FUSE Control File System.
[[0;32m  OK  [0m] Started Monitoring of LVM2 mirrors,...ng dmeventd or progress polling.
[[0;32m  OK  [0m] Started Load/Save Random Seed.
[[0;32m  OK  [0m] Started Create Static Device Nodes in /dev.
[[0;32m  OK  [0m] Started Apply Kernel Variables.
[[0;32m  OK  [0m] Started udev Coldplug all Devices.
[[0;32m  OK  [0m] Started Flush Journal to Persistent Storage.
         Starting udev Kernel Device Manager...
[[0;32m  OK  [0m] Reached target Local File Systems (Pre).
[[0;32m  OK  [0m] Reached target Local File Systems.
         Starting Initial cloud-init job (pre-networking)...
         Starting Set console font and keymap...
         Starting LSB: AppArmor initialization...
         Starting Tell Plymouth To Write Out Runtime Data...
         Starting Create Volatile Files and Directories...
[[0;32m  OK  [0m] Started udev Kernel Device Manager.
[[0;32m  OK  [0m] Started Tell Plymouth To Write Out Runtime Data.
[[0;32m  OK  [0m] Started Create Volatile Files and Directories.
[[0;32m  OK  [0m] Found device /dev/ttyS0.
[[0;32m  OK  [0m] Started LSB: AppArmor initialization.
[[0;32m  OK  [0m] Listening on Load/Save RF Kill Switch Status /dev/rfkill Watch.
         Starting Update UTMP about System Boot/Shutdown...
[[0;32m  OK  [0m] Started Dispatch Password Requests to Console Directory Watch.
[   21.962628] cloud-init[459]: Cloud-init v. 18.4-0ubuntu1~16.04.2 running 'init-local' at Sat, 16 Feb 2019 04:04:39 +0000. Up 21.65 seconds.
[[0;32m  OK  [0m] Started Set console font and keymap.
[[0;32m  OK  [0m] Started Initial cloud-init job (pre-networking).
[[0;32m  OK  [0m] Started Update UTMP about System Boot/Shutdown.
[[0;32m  OK  [0m] Reached target Network (Pre).
[[0;32m  OK  [0m] Started ifup for enp0s8.
[[0;32m  OK  [0m] Started ifup for enp0s3.
         Starting Raise network interfaces...
[[0;32m  OK  [0m] Created slice system-getty.slice.
[[0;32m  OK  [0m] Started Raise network interfaces.
[[0;32m  OK  [0m] Reached target Network.
         Starting Initial cloud-init job (metadata service crawler)...
[   23.608002] cloud-init[1049]: Cloud-init v. 18.4-0ubuntu1~16.04.2 running 'init' at Sat, 16 Feb 2019 04:04:40 +0000. Up 23.30 seconds.
[   23.634432] cloud-init[1049]: ci-info: ++++++++++++++++++++++++++++++++++++++Net device info+++++++++++++++++++++++++++++++++++++++
[   23.649333] cloud-init[1049]: ci-info: +--------+------+-----------------------------+---------------+--------+-------------------+
[[0;32m  OK  [0m] Started Initial cloud-init job (metadata service crawler).
[   23.719699] cloud-init[1049]: ci-info: | Device |  Up  |           Address           |      Mask     | Scope  |     Hw-Address    |
[   23.944637] cloud-init[1049]: ci-info: +--------+------+-----------------------------+---------------+--------+-------------------+
[   24.021147] cloud-init[1049]: ci-info: | enp0s3 | True |          10.0.2.15          | 255.255.255.0 | global | 02:a9:46:80:4d:77 |
[   24.055873] cloud-init[1049]: ci-info: | enp0s3 | True |  fe80::a9:46ff:fe80:4d77/64 |       .       |  link  | 02:a9:46:80:4d:77 |
[[0;32m  OK  [0m] Reached target Cloud-config availability.
[[0;32m  OK  [0m] Reached target Network is Online.
[   24.128186] cloud-init[1049]: ci-info: | enp0s8 | True |        192.168.33.35        | 255.255.255.0 | global | 08:00:27:df:46:83 |
[   24.360963] cloud-init[1049]: ci-info: | enp0s8 | True | fe80::a00:27ff:fedf:4683/64 |       .       |  link  | 08:00:27:df:46:83 |
[   24.468524] cloud-init[1049]: ci-info: |   lo   | True |          127.0.0.1          |   255.0.0.0   |  host  |         .         |
         Starting iSCSI initiator daemon (iscsid)...
[[0;32m  OK  [0m] Reached target System Initialization.
[[0;32m  OK  [0m] Listening on D-Bus System Message Bus Socket.
[   24.579999] cloud-init[1049]: ci-info: |   lo   | True |           ::1/128           |       .       |  host  |         .         |
[   24.920692] cloud-init[1049]: ci-info: +--------+------+-----------------------------+---------------+--------+-------------------+
[   24.977022] cloud-init[1049]: ci-info: ++++++++++++++++++++++++++++Route IPv4 info++++++++++++++++++++++++++++
[   25.121279] cloud-init[1049]: ci-info: +-------+--------------+----------+---------------+-----------+-------+
[   25.213471] cloud-init[1049]: ci-info: | Route | Destination  | Gateway  |    Genmask    | Interface | Flags |
[[0;32m  OK  [0m] Started Daily apt download activities.
[   25.275977] cloud-init[1049]: ci-info: +-------+--------------+----------+---------------+-----------+-------+
[   25.357312] cloud-init[1049]: ci-info: |   0   |   0.0.0.0    | 10.0.2.2 |    0.0.0.0    |   enp0s3  |   UG  |
[   25.357739] cloud-init[1049]: ci-info: |   1   |   10.0.2.0   | 0.0.0.0  | 255.255.255.0 |   enp0s3  |   U   |
[   25.359474] cloud-init[1049]: ci-info: |   2   | 192.168.33.0 | 0.0.0.0  | 255.255.255.0 |   enp0s8  |   U   |
[   25.359728] cloud-init[1049]: ci-info: +-------+--------------+----------+---------------+-----------+-------+
[   25.359921] cloud-init[1049]: ci-info: +++++++++++++++++++Route IPv6 info+++++++++++++++++++
[   25.360109] cloud-init[1049]: ci-info: +-------+-------------+---------+-----------+-------+
[[0;32m  OK  [0m] Listening on ACPID Listen Socket.
[[0;32m  OK  [0m] Started Daily Cleanup of Temporary Directories.
[[0;32m  OK  [0m] Listening on UUID daemon activation socket.
[   25.361459] cloud-init[1049]: ci-info: | Route | Destination | Gateway | Interface | Flags |
[   25.946576] cloud-init[1049]: ci-info: +-------+-------------+---------+-----------+-------+
[   26.008192] cloud-init[1049]: ci-info: |   0   |  fe80::/64  |    ::   |   enp0s8  |   U   |
[   26.040519] cloud-init[1049]: ci-info: |   1   |  fe80::/64  |    ::   |   enp0s3  |   U   |
         Starting LXD - unix socket.
         Starting Socket activation for snappy daemon.
[   26.055214] cloud-init[1049]: ci-info: |   4   |   ff00::/8  |    ::   |   enp0s8  |   U   |
[   26.121767] [[0;32m  OK  [0m] Started ACPI Events Check.
cloud-init[[0;32m  OK  [0m] Reached target Paths.
[1049]: [[0;32m  OK  [0m] Started Daily apt upgrade and clean activities.
ci-info: |   5   |   ff00::/8  |    ::   |   enp0s3  |   U   |[[0;32m  OK  [0m] Reached target Timers.

[   26.364629] [cloud-init[0;32m  OK  [0m[1049]: ] ci-info: +-------+-------------+---------+-----------+-------+Listening on LXD - unix socket.

[[0;32m  OK  [0m] Listening on Socket activation for snappy daemon.
[[0;32m  OK  [0m] Started iSCSI initiator daemon (iscsid).
         Starting Login to default iSCSI targets...
[[0;32m  OK  [0m] Reached target Sockets.
[[0;32m  OK  [0m] Reached target Basic System.
         Starting Virtualbox guest utils...
         Starting /etc/rc.local Compatibility...
         Starting Accounts Service...
[[0;32m  OK  [0m] Started Regular background program processing daemon.
         Starting LSB: MD monitoring daemon...
         Starting Snappy daemon...
[[0;32m  OK  [0m] Started Deferred execution scheduler.
[[0;32m  OK  [0m] Started ACPI event daemon.
[[0;32m  OK  [0m] Started D-Bus System Message Bus.
         Starting OpenBSD Secure Shell server...
         Starting Login Service...
[[0;32m  OK  [0m] Started FUSE filesystem for LXC.
         Starting LXD - container startup/shutdown...
[[0;32m  OK  [0m] Started Unattended Upgrades Shutdown.
         Starting System Logging Service...
         Starting LSB: Record successful boot for GRUB...
[[0;32m  OK  [0m] Started Snappy daemon.
[[0;32m  OK  [0m] Started /etc/rc.local Compatibility.
[[0;32m  OK  [0m] Started System Logging Service.
[[0;32m  OK  [0m] Started OpenBSD Secure Shell server.
[[0;32m  OK  [0m] Started Login to default iSCSI targets.
[[0;32m  OK  [0m] Started LSB: MD monitoring daemon.
[[0;32m  OK  [0m] Started LXD - container startup/shutdown.
[[0;32m  OK  [0m] Started Virtualbox guest utils.
[[0;32m  OK  [0m] Started LSB: Record successful boot for GRUB.
         Starting Authenticate and Authorize Users to Run Privileged Tasks...
[[0;32m  OK  [0m] Reached target Remote File Systems (Pre).
[[0;32m  OK  [0m] Reached target Remote File Systems.
         Starting Permit User Sessions...
         Starting LSB: automatic crash report generation...
         Starting LSB: Set the CPU Frequency Scaling governor to "ondemand"...
         Starting LSB: daemon to balance interrupts for SMP systems...
         Starting Wait until snapd is fully seeded...
[[0;32m  OK  [0m] Started Permit User Sessions.
[[0;32m  OK  [0m] Started Login Service.
[[0;32m  OK  [0m] Started Authenticate and Authorize Users to Run Privileged Tasks.
[[0;32m  OK  [0m] Started Wait until snapd is fully seeded.
[[0;32m  OK  [0m] Started Accounts Service.
[[0;32m  OK  [0m] Started LSB: Set the CPU Frequency Scaling governor to "ondemand".
[[0;32m  OK  [0m] Started LSB: automatic crash report generation.
         Starting Apply the settings specified in cloud-config...
         Starting Terminate Plymouth Boot Screen...
         Starting Hold until boot process finishes up...
[[0;32m  OK  [0m] Started LSB: daemon to balance interrupts for SMP systems.
[[0;32m  OK  [0m] Started Hold until boot process finishes up.
[[0;32m  OK  [0m] Started Terminate Plymouth Boot Screen.
         Starting Set console scheme...
[[0;32m  OK  [0m] Started Serial Getty on ttyS0.
[[0;32m  OK  [0m] Started Getty on tty1.
[[0;32m  OK  [0m] Reached target Login Prompts.
[[0;32m  OK  [0m] Reached target Multi-User System.
[[0;32m  OK  [0m] Reached target Graphical Interface.
         Starting Update UTMP about System Runlevel Changes...
[[0;32m  OK  [0m] Started Set console scheme.
[[0;32m  OK  [0m] Started Update UTMP about System Runlevel Changes.
[   28.431910] cloud-init[1274]: Cloud-init v. 18.4-0ubuntu1~16.04.2 running 'modules:config' at Sat, 16 Feb 2019 04:04:45 +0000. Up 28.31 seconds.
[[0;32m  OK  [0m] Started Apply the settings specified in cloud-config.
         Starting Execute cloud user/final scripts...
[   29.050146] cloud-init[1299]: Cloud-init v. 18.4-0ubuntu1~16.04.2 running 'modules:final' at Sat, 16 Feb 2019 04:04:46 +0000. Up 28.90 seconds.
[   29.207490] cloud-init[1299]: Cloud-init v. 18.4-0ubuntu1~16.04.2 finished at Sat, 16 Feb 2019 04:04:46 +0000. Datasource DataSourceNoCloud [seed=/dev/sdb][dsmode=net].  Up 29.04 seconds
[[0;32m  OK  [0m] Started Execute cloud user/final scripts.
[[0;32m  OK  [0m] Reached target Cloud-init target.

Ubuntu 16.04.5 LTS ubuntu2 ttyS0

ubuntu2 login: 